Iteration: 0 with loss nan
support points:
  -2.5 -2.5
  -1.5 -2.5
  -0.5 -2.5
  0.5 -2.5
  1.5 -2.5
  2.5 -2.5
  -2.5 -1.5
  -1.5 -1.5
  -0.5 -1.5
  0.5 -1.5
  1.5 -1.5
  2.5 -1.5
  -2.5 -0.5
  -1.5 -0.5
  -0.5 -0.5
  0.5 -0.5
  1.5 -0.5
  2.5 -0.5
  -2.5 0.5
  -1.5 0.5
  -0.5 0.5
  0.5 0.5
  1.5 0.5
  2.5 0.5
  -2.5 1.5
  -1.5 1.5
  -0.5 1.5
  0.5 1.5
  1.5 1.5
  2.5 1.5
  -2.5 2.5
  -1.5 2.5
  -0.5 2.5
  0.5 2.5
  1.5 2.5
  2.5 2.5
  -1.26471 -0.441176
  -1.26471 -0.382353
  -1.26471 -0.323529
  -1.26471 -0.264706
  -1.26471 -0.205882
  -1.26471 -0.190019
  -1.26471 -0.147059
  -1.26471 -0.0882353
  -1.26471 -0.0294118
  -1.20588 -0.676471
  -1.20588 -0.617647
  -1.20588 -0.558824
  -1.20588 -0.5
  -1.20588 -0.441176
  -1.20588 -0.382353
  -1.20588 -0.323529
  -1.20588 -0.264706
  -1.20588 -0.205882
  -1.20588 -0.171793
  -1.20588 -0.147059
  -1.20588 -0.0882353
  -1.20588 -0.0294118
  -1.20588 0.0294118
  -1.20588 0.0882353
  -1.20588 0.147059
  -1.20588 0.205882
  -1.14706 -0.794118
  -1.14706 -0.735294
  -1.14706 -0.676471
  -1.14706 -0.617647
  -1.14706 -0.558824
  -1.14706 -0.5
  -1.14706 -0.441176
  -1.14706 -0.382353
  -1.14706 -0.323529
  -1.14706 -0.264706
  -1.14706 -0.205882
  -1.14706 -0.167353
  -1.14706 -0.147059
  -1.14706 -0.0882353
  -1.14706 -0.0294118
  -1.14706 0.0294118
  -1.14706 0.0882353
  -1.14706 0.147059
  -1.14706 0.205882
  -1.14706 0.264706
  -1.14706 0.323529
  -1.08824 -0.911765
  -1.08824 -0.852941
  -1.08824 -0.794118
  -1.08824 -0.735294
  -1.08824 -0.676471
  -1.08824 -0.617647
  -1.08824 -0.558824
  -1.08824 -0.5
  -1.08824 -0.441176
  -1.08824 -0.382353
  -1.08824 -0.323529
  -1.08824 -0.264706
  -1.08824 -0.205882
  -1.08824 -0.162858
  -1.08824 -0.147059
  -1.08824 -0.0882353
  -1.08824 -0.0294118
  -1.08824 0.0294118
  -1.08824 0.0882353
  -1.08824 0.147059
  -1.08824 0.205882
  -1.08824 0.264706
  -1.08824 0.323529
  -1.08824 0.382353
  -1.08824 0.441176
  -1.02941 -0.970588
  -1.02941 -0.911765
  -1.02941 -0.852941
  -1.02941 -0.794118
  -1.02941 -0.735294
  -1.02941 -0.676471
  -1.02941 -0.617647
  -1.02941 -0.558824
  -1.02941 -0.5
  -1.02941 -0.441176
  -1.02941 -0.382353
  -1.02941 -0.323529
  -1.02941 -0.264706
  -1.02941 -0.205882
  -1.02941 -0.158326
  -1.02941 -0.147059
  -1.02941 -0.0882353
  -1.02941 -0.0294118
  -1.02941 0.0294118
  -1.02941 0.0882353
  -1.02941 0.147059
  -1.02941 0.205882
  -1.02941 0.264706
  -1.02941 0.323529
  -1.02941 0.382353
  -1.02941 0.441176
  -1.02941 0.5
  -1.02941 0.558824
  -0.970588 -1.02941
  -0.970588 -0.970588
  -0.970588 -0.911765
  -0.970588 -0.852941
  -0.970588 -0.794118
  -0.970588 -0.735294
  -0.970588 -0.676471
  -0.970588 -0.617647
  -0.970588 -0.558824
  -0.970588 -0.5
  -0.970588 -0.441176
  -0.970588 -0.382353
  -0.970588 -0.323529
  -0.970588 -0.264706
  -0.970588 -0.205882
  -0.970588 -0.153769
  -0.970588 -0.147059
  -0.970588 -0.0882353
  -0.970588 -0.0294118
  -0.970588 0.0294118
  -0.970588 0.0882353
  -0.970588 0.147059
  -0.970588 0.205882
  -0.970588 0.264706
  -0.970588 0.323529
  -0.970588 0.382353
  -0.970588 0.441176
  -0.970588 0.5
  -0.970588 0.558824
  -0.970588 0.617647
  -0.911765 -1.08824
  -0.911765 -1.02941
  -0.911765 -0.970588
  -0.911765 -0.911765
  -0.911765 -0.852941
  -0.911765 -0.794118
  -0.911765 -0.735294
  -0.911765 -0.676471
  -0.911765 -0.617647
  -0.911765 -0.558824
  -0.911765 -0.5
  -0.911765 -0.441176
  -0.911765 -0.382353
  -0.911765 -0.323529
  -0.911765 -0.264706
  -0.911765 -0.205882
  -0.911765 -0.149195
  -0.911765 -0.147059
  -0.911765 -0.0882353
  -0.911765 -0.0294118
  -0.911765 0.0294118
  -0.911765 0.0882353
  -0.911765 0.147059
  -0.911765 0.205882
  -0.911765 0.264706
  -0.911765 0.323529
  -0.911765 0.382353
  -0.911765 0.441176
  -0.911765 0.5
  -0.911765 0.558824
  -0.911765 0.617647
  -0.911765 0.676471
  -0.911765 0.735294
  -0.852941 -1.14706
  -0.852941 -1.08824
  -0.852941 -1.02941
  -0.852941 -0.970588
  -0.852941 -0.911765
  -0.852941 -0.852941
  -0.852941 -0.794118
  -0.852941 -0.735294
  -0.852941 -0.676471
  -0.852941 -0.617647
  -0.852941 -0.558824
  -0.852941 -0.5
  -0.852941 -0.441176
  -0.852941 -0.382353
  -0.852941 -0.323529
  -0.852941 -0.264706
  -0.852941 -0.205882
  -0.852941 -0.147059
  -0.852941 -0.147059
  -0.852941 -0.0882353
  -0.852941 -0.0294118
  -0.852941 0.0294118
  -0.852941 0.0882353
  -0.852941 0.147059
  -0.852941 0.205882
  -0.852941 0.264706
  -0.852941 0.323529
  -0.852941 0.382353
  -0.852941 0.441176
  -0.852941 0.5
  -0.852941 0.558824
  -0.852941 0.617647
  -0.852941 0.676471
  -0.852941 0.735294
  -0.852941 0.794118
  -0.794118 -1.20588
  -0.794118 -1.14706
  -0.794118 -1.08824
  -0.794118 -1.02941
  -0.794118 -0.970588
  -0.794118 -0.911765
  -0.794118 -0.852941
  -0.794118 -0.794118
  -0.794118 -0.735294
  -0.794118 -0.676471
  -0.794118 -0.617647
  -0.794118 -0.558824
  -0.794118 -0.5
  -0.794118 -0.441176
  -0.794118 -0.382353
  -0.794118 -0.323529
  -0.794118 -0.264706
  -0.794118 -0.205882
  -0.794118 -0.147059
  -0.794118 -0.147059
  -0.794118 -0.0882353
  -0.794118 -0.0294118
  -0.794118 0.0294118
  -0.794118 0.0882353
  -0.794118 0.147059
  -0.794118 0.205882
  -0.794118 0.264706
  -0.794118 0.323529
  -0.794118 0.382353
  -0.794118 0.441176
  -0.794118 0.5
  -0.794118 0.558824
  -0.794118 0.617647
  -0.794118 0.676471
  -0.794118 0.735294
  -0.794118 0.794118
  -0.794118 0.852941
  -0.735294 -1.20588
  -0.735294 -1.14706
  -0.735294 -1.08824
  -0.735294 -1.02941
  -0.735294 -0.970588
  -0.735294 -0.911765
  -0.735294 -0.852941
  -0.735294 -0.794118
  -0.735294 -0.735294
  -0.735294 -0.676471
  -0.735294 -0.617647
  -0.735294 -0.558824
  -0.735294 -0.5
  -0.735294 -0.441176
  -0.735294 -0.382353
  -0.735294 -0.323529
  -0.735294 -0.264706
  -0.735294 -0.205882
  -0.735294 -0.147059
  -0.735294 -0.147059
  -0.735294 -0.0882353
  -0.735294 -0.0294118
  -0.735294 0.0294118
  -0.735294 0.0882353
  -0.735294 0.147059
  -0.735294 0.205882
  -0.735294 0.264706
  -0.735294 0.323529
  -0.735294 0.382353
  -0.735294 0.441176
  -0.735294 0.5
  -0.735294 0.558824
  -0.735294 0.617647
  -0.735294 0.676471
  -0.735294 0.735294
  -0.735294 0.794118
  -0.735294 0.852941
  -0.735294 0.911765
  -0.676471 -1.26471
  -0.676471 -1.20588
  -0.676471 -1.14706
  -0.676471 -1.08824
  -0.676471 -1.02941
  -0.676471 -0.970588
  -0.676471 -0.911765
  -0.676471 -0.852941
  -0.676471 -0.794118
  -0.676471 -0.735294
  -0.676471 -0.676471
  -0.676471 -0.617647
  -0.676471 -0.558824
  -0.676471 -0.5
  -0.676471 -0.441176
  -0.676471 -0.382353
  -0.676471 -0.323529
  -0.676471 -0.264706
  -0.676471 -0.205882
  -0.676471 -0.147059
  -0.676471 -0.147059
  -0.676471 -0.0882353
  -0.676471 -0.0294118
  -0.676471 0.0294118
  -0.676471 0.0882353
  -0.676471 0.147059
  -0.676471 0.205882
  -0.676471 0.264706
  -0.676471 0.323529
  -0.676471 0.382353
  -0.676471 0.441176
  -0.676471 0.5
  -0.676471 0.558824
  -0.676471 0.617647
  -0.676471 0.676471
  -0.676471 0.735294
  -0.676471 0.794118
  -0.676471 0.852941
  -0.676471 0.911765
  -0.676471 0.970588
  -0.617647 -1.26471
  -0.617647 -1.20588
  -0.617647 -1.14706
  -0.617647 -1.08824
  -0.617647 -1.02941
  -0.617647 -0.970588
  -0.617647 -0.911765
  -0.617647 -0.852941
  -0.617647 -0.794118
  -0.617647 -0.735294
  -0.617647 -0.676471
  -0.617647 -0.617647
  -0.617647 -0.558824
  -0.617647 -0.5
  -0.617647 -0.441176
  -0.617647 -0.382353
  -0.617647 -0.323529
  -0.617647 -0.264706
  -0.617647 -0.205882
  -0.617647 -0.147059
  -0.617647 -0.147059
  -0.617647 -0.0882353
  -0.617647 -0.0294118
  -0.617647 0.0294118
  -0.617647 0.0882353
  -0.617647 0.147059
  -0.617647 0.205882
  -0.617647 0.264706
  -0.617647 0.323529
  -0.617647 0.382353
  -0.617647 0.441176
  -0.617647 0.5
  -0.617647 0.558824
  -0.617647 0.617647
  -0.617647 0.676471
  -0.617647 0.735294
  -0.617647 0.794118
  -0.617647 0.852941
  -0.617647 0.911765
  -0.617647 0.970588
  -0.558824 -1.32353
  -0.558824 -1.26471
  -0.558824 -1.20588
  -0.558824 -1.14706
  -0.558824 -1.08824
  -0.558824 -1.02941
  -0.558824 -0.970588
  -0.558824 -0.911765
  -0.558824 -0.852941
  -0.558824 -0.794118
  -0.558824 -0.735294
  -0.558824 -0.676471
  -0.558824 -0.617647
  -0.558824 -0.558824
  -0.558824 -0.5
  -0.558824 -0.441176
  -0.558824 -0.382353
  -0.558824 -0.323529
  -0.558824 -0.264706
  -0.558824 -0.205882
  -0.558824 -0.147059
  -0.558824 -0.147059
  -0.558824 -0.0882353
  -0.558824 -0.0294118
  -0.558824 0.0294118
  -0.558824 0.0882353
  -0.558824 0.147059
  -0.558824 0.205882
  -0.558824 0.264706
  -0.558824 0.323529
  -0.558824 0.382353
  -0.558824 0.441176
  -0.558824 0.5
  -0.558824 0.558824
  -0.558824 0.617647
  -0.558824 0.676471
  -0.558824 0.735294
  -0.558824 0.794118
  -0.558824 0.852941
  -0.558824 0.911765
  -0.558824 0.970588
  -0.558824 1.02941
  -0.5 -1.32353
  -0.5 -1.26471
  -0.5 -1.20588
  -0.5 -1.14706
  -0.5 -1.08824
  -0.5 -1.02941
  -0.5 -0.970588
  -0.5 -0.911765
  -0.5 -0.852941
  -0.5 -0.794118
  -0.5 -0.735294
  -0.5 -0.676471
  -0.5 -0.617647
  -0.5 -0.558824
  -0.5 -0.5
  -0.5 -0.441176
  -0.5 -0.382353
  -0.5 -0.323529
  -0.5 -0.264706
  -0.5 -0.205882
  -0.5 -0.147059
  -0.5 -0.137778
  -0.5 -0.0882353
  -0.5 -0.0294118
  -0.5 0.0294118
  -0.5 0.0882353
  -0.5 0.147059
  -0.5 0.205882
  -0.5 0.264706
  -0.5 0.323529
  -0.5 0.382353
  -0.5 0.441176
  -0.5 0.5
  -0.5 0.558824
  -0.5 0.617647
  -0.5 0.676471
  -0.5 0.735294
  -0.5 0.794118
  -0.5 0.852941
  -0.5 0.911765
  -0.5 0.970588
  -0.5 1.02941
  -0.5 1.08824
  -0.441176 -1.32353
  -0.441176 -1.26471
  -0.441176 -1.20588
  -0.441176 -1.14706
  -0.441176 -1.08824
  -0.441176 -1.02941
  -0.441176 -0.970588
  -0.441176 -0.911765
  -0.441176 -0.852941
  -0.441176 -0.794118
  -0.441176 -0.735294
  -0.441176 -0.676471
  -0.441176 -0.617647
  -0.441176 -0.558824
  -0.441176 -0.5
  -0.441176 -0.441176
  -0.441176 -0.382353
  -0.441176 -0.323529
  -0.441176 -0.264706
  -0.441176 -0.205882
  -0.441176 -0.147059
  -0.441176 -0.114682
  -0.441176 -0.0882353
  -0.441176 -0.0294118
  -0.441176 0.0294118
  -0.441176 0.0882353
  -0.441176 0.147059
  -0.441176 0.205882
  -0.441176 0.264706
  -0.441176 0.323529
  -0.441176 0.382353
  -0.441176 0.441176
  -0.441176 0.5
  -0.441176 0.558824
  -0.441176 0.617647
  -0.441176 0.676471
  -0.441176 0.735294
  -0.441176 0.794118
  -0.441176 0.852941
  -0.441176 0.911765
  -0.441176 0.970588
  -0.441176 1.02941
  -0.441176 1.08824
  -0.382353 -1.38235
  -0.382353 -1.32353
  -0.382353 -1.26471
  -0.382353 -1.20588
  -0.382353 -1.14706
  -0.382353 -1.08824
  -0.382353 -1.02941
  -0.382353 -0.970588
  -0.382353 -0.911765
  -0.382353 -0.852941
  -0.382353 -0.794118
  -0.382353 -0.735294
  -0.382353 -0.676471
  -0.382353 -0.617647
  -0.382353 -0.558824
  -0.382353 -0.5
  -0.382353 -0.441176
  -0.382353 -0.382353
  -0.382353 -0.323529
  -0.382353 -0.264706
  -0.382353 -0.205882
  -0.382353 -0.147059
  -0.382353 -0.109857
  -0.382353 -0.0882353
  -0.382353 -0.0294118
  -0.382353 0.0294118
  -0.382353 0.0882353
  -0.382353 0.147059
  -0.382353 0.205882
  -0.382353 0.264706
  -0.382353 0.323529
  -0.382353 0.382353
  -0.382353 0.441176
  -0.382353 0.5
  -0.382353 0.558824
  -0.382353 0.617647
  -0.382353 0.676471
  -0.382353 0.735294
  -0.382353 0.794118
  -0.382353 0.852941
  -0.382353 0.911765
  -0.382353 0.970588
  -0.382353 1.02941
  -0.382353 1.08824
  -0.382353 1.14706
  -0.323529 -1.38235
  -0.323529 -1.32353
  -0.323529 -1.26471
  -0.323529 -1.20588
  -0.323529 -1.14706
  -0.323529 -1.08824
  -0.323529 -1.02941
  -0.323529 -0.970588
  -0.323529 -0.911765
  -0.323529 -0.852941
  -0.323529 -0.794118
  -0.323529 -0.735294
  -0.323529 -0.676471
  -0.323529 -0.617647
  -0.323529 -0.558824
  -0.323529 -0.5
  -0.323529 -0.441176
  -0.323529 -0.382353
  -0.323529 -0.323529
  -0.323529 -0.264706
  -0.323529 -0.205882
  -0.323529 -0.147059
  -0.323529 -0.105065
  -0.323529 -0.0882353
  -0.323529 -0.0294118
  -0.323529 0.0294118
  -0.323529 0.0882353
  -0.323529 0.147059
  -0.323529 0.205882
  -0.323529 0.264706
  -0.323529 0.323529
  -0.323529 0.382353
  -0.323529 0.441176
  -0.323529 0.5
  -0.323529 0.558824
  -0.323529 0.617647
  -0.323529 0.676471
  -0.323529 0.735294
  -0.323529 0.794118
  -0.323529 0.852941
  -0.323529 0.911765
  -0.323529 0.970588
  -0.323529 1.02941
  -0.323529 1.08824
  -0.323529 1.14706
  -0.264706 -1.38235
  -0.264706 -1.32353
  -0.264706 -1.26471
  -0.264706 -1.20588
  -0.264706 -1.14706
  -0.264706 -1.08824
  -0.264706 -1.02941
  -0.264706 -0.970588
  -0.264706 -0.911765
  -0.264706 -0.852941
  -0.264706 -0.794118
  -0.264706 -0.735294
  -0.264706 -0.676471
  -0.264706 -0.617647
  -0.264706 -0.558824
  -0.264706 -0.5
  -0.264706 -0.441176
  -0.264706 -0.382353
  -0.264706 -0.323529
  -0.264706 -0.264706
  -0.264706 -0.205882
  -0.264706 -0.147059
  -0.264706 -0.100241
  -0.264706 -0.0882353
  -0.264706 -0.0294118
  -0.264706 0.0294118
  -0.264706 0.0882353
  -0.264706 0.147059
  -0.264706 0.205882
  -0.264706 0.264706
  -0.264706 0.323529
  -0.264706 0.382353
  -0.264706 0.441176
  -0.264706 0.5
  -0.264706 0.558824
  -0.264706 0.617647
  -0.264706 0.676471
  -0.264706 0.735294
  -0.264706 0.794118
  -0.264706 0.852941
  -0.264706 0.911765
  -0.264706 0.970588
  -0.264706 1.02941
  -0.264706 1.08824
  -0.264706 1.14706
  -0.264706 1.20588
  -0.205882 -1.38235
  -0.205882 -1.32353
  -0.205882 -1.26471
  -0.205882 -1.20588
  -0.205882 -1.14706
  -0.205882 -1.08824
  -0.205882 -1.02941
  -0.205882 -0.970588
  -0.205882 -0.911765
  -0.205882 -0.852941
  -0.205882 -0.794118
  -0.205882 -0.735294
  -0.205882 -0.676471
  -0.205882 -0.617647
  -0.205882 -0.558824
  -0.205882 -0.5
  -0.205882 -0.441176
  -0.205882 -0.382353
  -0.205882 -0.323529
  -0.205882 -0.264706
  -0.205882 -0.205882
  -0.205882 -0.147059
  -0.205882 -0.0953925
  -0.205882 -0.0882353
  -0.205882 -0.0294118
  -0.205882 0.0294118
  -0.205882 0.0882353
  -0.205882 0.147059
  -0.205882 0.205882
  -0.205882 0.264706
  -0.205882 0.323529
  -0.205882 0.382353
  -0.205882 0.441176
  -0.205882 0.5
  -0.205882 0.558824
  -0.205882 0.617647
  -0.205882 0.676471
  -0.205882 0.735294
  -0.205882 0.794118
  -0.205882 0.852941
  -0.205882 0.911765
  -0.205882 0.970588
  -0.205882 1.02941
  -0.205882 1.08824
  -0.205882 1.14706
  -0.205882 1.20588
  -0.147059 -1.38235
  -0.147059 -1.32353
  -0.147059 -1.26471
  -0.147059 -1.20588
  -0.147059 -1.14706
  -0.147059 -1.08824
  -0.147059 -1.02941
  -0.147059 -0.970588
  -0.147059 -0.911765
  -0.147059 -0.852941
  -0.147059 -0.794118
  -0.147059 -0.735294
  -0.147059 -0.676471
  -0.147059 -0.617647
  -0.147059 -0.558824
  -0.147059 -0.5
  -0.147059 -0.441176
  -0.147059 -0.382353
  -0.147059 -0.323529
  -0.147059 -0.264706
  -0.147059 -0.205882
  -0.147059 -0.147059
  -0.147059 -0.0905243
  -0.147059 -0.0882353
  -0.147059 -0.0294118
  -0.147059 0.0294118
  -0.147059 0.0882353
  -0.147059 0.147059
  -0.147059 0.205882
  -0.147059 0.264706
  -0.147059 0.323529
  -0.147059 0.382353
  -0.147059 0.441176
  -0.147059 0.5
  -0.147059 0.558824
  -0.147059 0.617647
  -0.147059 0.676471
  -0.147059 0.735294
  -0.147059 0.794118
  -0.147059 0.852941
  -0.147059 0.911765
  -0.147059 0.970588
  -0.147059 1.02941
  -0.147059 1.08824
  -0.147059 1.14706
  -0.147059 1.20588
  -0.147059 1.26471
  -0.0882353 -1.38235
  -0.0882353 -1.32353
  -0.0882353 -1.26471
  -0.0882353 -1.20588
  -0.0882353 -1.14706
  -0.0882353 -1.08824
  -0.0882353 -1.02941
  -0.0882353 -0.970588
  -0.0882353 -0.911765
  -0.0882353 -0.852941
  -0.0882353 -0.794118
  -0.0882353 -0.735294
  -0.0882353 -0.676471
  -0.0882353 -0.617647
  -0.0882353 -0.558824
  -0.0882353 -0.5
  -0.0882353 -0.441176
  -0.0882353 -0.382353
  -0.0882353 -0.323529
  -0.0882353 -0.264706
  -0.0882353 -0.205882
  -0.0882353 -0.147059
  -0.0882353 -0.0882353
  -0.0882353 -0.0858427
  -0.0882353 -0.0294118
  -0.0882353 0.0294118
  -0.0882353 0.0882353
  -0.0882353 0.147059
  -0.0882353 0.205882
  -0.0882353 0.264706
  -0.0882353 0.323529
  -0.0882353 0.382353
  -0.0882353 0.441176
  -0.0882353 0.5
  -0.0882353 0.558824
  -0.0882353 0.617647
  -0.0882353 0.676471
  -0.0882353 0.735294
  -0.0882353 0.794118
  -0.0882353 0.852941
  -0.0882353 0.911765
  -0.0882353 0.970588
  -0.0882353 1.02941
  -0.0882353 1.08824
  -0.0882353 1.14706
  -0.0882353 1.20588
  -0.0882353 1.26471
  -0.0294118 -1.38235
  -0.0294118 -1.32353
  -0.0294118 -1.26471
  -0.0294118 -1.20588
  -0.0294118 -1.14706
  -0.0294118 -1.08824
  -0.0294118 -1.02941
  -0.0294118 -0.970588
  -0.0294118 -0.911765
  -0.0294118 -0.852941
  -0.0294118 -0.794118
  -0.0294118 -0.735294
  -0.0294118 -0.676471
  -0.0294118 -0.617647
  -0.0294118 -0.558824
  -0.0294118 -0.5
  -0.0294118 -0.441176
  -0.0294118 -0.382353
  -0.0294118 -0.323529
  -0.0294118 -0.264706
  -0.0294118 -0.205882
  -0.0294118 -0.147059
  -0.0294118 -0.0882353
  -0.0294118 -0.0813213
  -0.0294118 -0.0294118
  -0.0294118 0.0294118
  -0.0294118 0.0882353
  -0.0294118 0.147059
  -0.0294118 0.205882
  -0.0294118 0.264706
  -0.0294118 0.323529
  -0.0294118 0.382353
  -0.0294118 0.441176
  -0.0294118 0.5
  -0.0294118 0.558824
  -0.0294118 0.617647
  -0.0294118 0.676471
  -0.0294118 0.735294
  -0.0294118 0.794118
  -0.0294118 0.852941
  -0.0294118 0.911765
  -0.0294118 0.970588
  -0.0294118 1.02941
  -0.0294118 1.08824
  -0.0294118 1.14706
  -0.0294118 1.20588
  -0.0294118 1.26471
  -0.0294118 -1.38235
  -0.0294118 -1.32353
  -0.0294118 -1.26471
  -0.0294118 -1.20588
  -0.0045642 -1.14706
  0.00813633 -1.08824
  0.0134793 -1.02941
  0.0190526 -0.970588
  0.0248681 -0.911765
  0.0294118 -0.852941
  0.0294118 -0.794118
  0.0294118 -0.735294
  0.0294118 -0.676471
  0.0294118 -0.617647
  0.0294118 -0.558824
  0.0294118 -0.5
  0.0294118 -0.441176
  0.0294118 -0.382353
  0.0294118 -0.323529
  0.0294118 -0.264706
  0.0294118 -0.205882
  0.0294118 -0.147059
  0.0294118 -0.0882353
  0.0294118 -0.0767708
  0.0294118 -0.0294118
  0.0294118 0.0294118
  0.0294118 0.0882353
  0.0294118 0.147059
  0.0294118 0.205882
  0.0294118 0.264706
  0.0294118 0.323529
  0.0294118 0.382353
  0.0294118 0.441176
  0.0294118 0.5
  0.0294118 0.558824
  0.0294118 0.617647
  0.0294118 0.676471
  0.0294118 0.735294
  0.0294118 0.794118
  0.0294118 0.852941
  0.0294118 0.911765
  0.0294118 0.970588
  0.0294118 1.02941
  0.0294118 1.08824
  0.0294118 1.14706
  0.0294118 1.20588
  0.0294118 1.26471
  0.0294118 -1.38235
  0.0294118 -1.32353
  0.0294118 -1.26471
  0.0294118 -1.20588
  0.0294118 -1.14706
  0.0294118 -1.08824
  0.0294118 -1.02941
  0.0294118 -0.970588
  0.0294118 -0.911765
  0.0294118 -0.852941
  0.0294118 -0.794118
  0.0294118 -0.735294
  0.0294118 -0.676471
  0.0294118 -0.617647
  0.0294118 -0.558824
  0.0606134 -0.5
  0.0658594 -0.441176
  0.0713128 -0.382353
  0.0766877 -0.323529
  0.0819729 -0.264706
  0.0871608 -0.205882
  0.0882353 -0.147059
  0.0882353 -0.0882353
  0.0703956 -0.0652279
  0.0882353 -0.0294118
  0.0882353 0.0294118
  0.0882353 0.0882353
  0.0882353 0.147059
  0.0882353 0.205882
  0.0882353 0.264706
  0.0882353 0.323529
  0.0882353 0.382353
  0.0882353 0.441176
  0.0882353 0.5
  0.0882353 0.558824
  0.0882353 0.617647
  0.0882353 0.676471
  0.0882353 0.735294
  0.0882353 0.794118
  0.0882353 0.852941
  0.0882353 0.911765
  0.0882353 0.970588
  0.0882353 1.02941
  0.0882353 1.08824
  0.0882353 1.14706
  0.0882353 1.20588
  0.0882353 1.26471
  0.0882353 1.32353
  0.0882353 -1.38235
  0.0882353 -1.32353
  0.0882353 -1.26471
  0.0882353 -1.20588
  0.0882353 -1.14706
  0.0882353 -1.08824
  0.0882353 -1.02941
  0.0882353 -0.970588
  0.0882353 -0.911765
  0.0882353 -0.852941
  0.0882353 -0.794118
  0.0882353 -0.735294
  0.0882353 -0.676471
  0.0882353 -0.617647
  0.0882353 -0.558824
  0.0882353 -0.5
  0.0882353 -0.441176
  0.0882353 -0.382353
  0.0882353 -0.323529
  0.0882353 -0.264706
  0.0882353 -0.205882
  0.0882353 -0.147059
  0.0882353 -0.0882353
  0.0972136 -0.0708206
  0.0882353 -0.0294118
  0.105463 0.0294118
  0.109831 0.0882353
  0.115859 0.147059
  0.135025 0.205882
  0.147059 0.264706
  0.147059 0.323529
  0.147059 0.382353
  0.147059 0.441176
  0.147059 0.5
  0.147059 0.558824
  0.147059 0.617647
  0.147059 0.676471
  0.147059 0.735294
  0.147059 0.794118
  0.147059 0.852941
  0.147059 0.911765
  0.147059 0.970588
  0.147059 1.02941
  0.147059 1.08824
  0.147059 1.14706
  0.147059 1.20588
  0.147059 1.26471
  0.147059 1.32353
  0.147059 -1.32353
  0.147059 -1.26471
  0.147059 -1.20588
  0.147059 -1.14706
  0.147059 -1.08824
  0.147059 -1.02941
  0.147059 -0.970588
  0.147059 -0.911765
  0.147059 -0.852941
  0.147059 -0.794118
  0.147059 -0.735294
  0.147059 -0.676471
  0.147059 -0.617647
  0.147059 -0.558824
  0.147059 -0.5
  0.147059 -0.441176
  0.147059 -0.382353
  0.147059 -0.323529
  0.147059 -0.264706
  0.147059 -0.205882
  0.147059 -0.147059
  0.147059 -0.0882353
  0.147059 -0.0657558
  0.147059 -0.0294118
  0.147059 0.0294118
  0.147059 0.0882353
  0.147059 0.147059
  0.147059 0.205882
  0.147059 0.264706
  0.147059 0.323529
  0.147059 0.382353
  0.147059 0.441176
  0.147059 0.5
  0.147059 0.558824
  0.147059 0.617647
  0.150288 0.676471
  0.154142 0.735294
  0.157845 0.794118
  0.161414 0.852941
  0.165124 0.911765
  0.168823 0.970588
  0.174165 1.02941
  0.189654 1.08824
  0.205882 1.14706
  0.205882 1.20588
  0.205882 1.26471
  0.205882 1.32353
  0.205882 -1.32353
  0.205882 -1.26471
  0.205882 -1.20588
  0.205882 -1.14706
  0.205882 -1.08824
  0.205882 -1.02941
  0.205882 -0.970588
  0.205882 -0.911765
  0.205882 -0.852941
  0.205882 -0.794118
  0.205882 -0.735294
  0.205882 -0.676471
  0.205882 -0.617647
  0.205882 -0.558824
  0.205882 -0.5
  0.205882 -0.441176
  0.205882 -0.382353
  0.205882 -0.323529
  0.205882 -0.264706
  0.205882 -0.205882
  0.205882 -0.147059
  0.205882 -0.0882353
  0.205882 -0.0611954
  0.205882 -0.0294118
  0.205882 0.0294118
  0.205882 0.0882353
  0.205882 0.147059
  0.205882 0.205882
  0.205882 0.264706
  0.205882 0.323529
  0.205882 0.382353
  0.205882 0.441176
  0.205882 0.5
  0.205882 0.558824
  0.205882 0.617647
  0.205882 0.676471
  0.205882 0.735294
  0.205882 0.794118
  0.205882 0.852941
  0.205882 0.911765
  0.205882 0.970588
  0.205882 1.02941
  0.205882 1.08824
  0.205882 1.14706
  0.205882 1.20588
  0.205882 1.26471
  0.205882 1.32353
  0.264706 -1.32353
  0.264706 -1.26471
  0.264706 -1.20588
  0.264706 -1.14706
  0.264706 -1.08824
  0.264706 -1.02941
  0.264706 -0.970588
  0.264706 -0.911765
  0.264706 -0.852941
  0.264706 -0.794118
  0.264706 -0.735294
  0.264706 -0.676471
  0.264706 -0.617647
  0.264706 -0.558824
  0.264706 -0.5
  0.264706 -0.441176
  0.264706 -0.382353
  0.264706 -0.323529
  0.264706 -0.264706
  0.264706 -0.205882
  0.264706 -0.147059
  0.264706 -0.0882353
  0.264706 -0.0294118
  0.264706 -0.0294118
  0.264706 0.0294118
  0.264706 0.0882353
  0.264706 0.147059
  0.264706 0.205882
  0.264706 0.264706
  0.264706 0.323529
  0.264706 0.382353
  0.264706 0.441176
  0.264706 0.5
  0.264706 0.558824
  0.264706 0.617647
  0.264706 0.676471
  0.264706 0.735294
  0.264706 0.794118
  0.264706 0.852941
  0.264706 0.911765
  0.264706 0.970588
  0.264706 1.02941
  0.264706 1.08824
  0.264706 1.14706
  0.264706 1.20588
  0.264706 1.26471
  0.264706 1.32353
  0.323529 -1.26471
  0.323529 -1.20588
  0.323529 -1.14706
  0.323529 -1.08824
  0.323529 -1.02941
  0.323529 -0.970588
  0.323529 -0.911765
  0.323529 -0.852941
  0.323529 -0.794118
  0.323529 -0.735294
  0.323529 -0.676471
  0.323529 -0.617647
  0.323529 -0.558824
  0.323529 -0.5
  0.323529 -0.441176
  0.323529 -0.382353
  0.323529 -0.323529
  0.323529 -0.264706
  0.323529 -0.205882
  0.323529 -0.147059
  0.323529 -0.0882353
  0.323529 -0.0294118
  0.323529 -0.0294118
  0.323529 0.0294118
  0.323529 0.0882353
  0.323529 0.147059
  0.323529 0.205882
  0.323529 0.264706
  0.323529 0.323529
  0.323529 0.382353
  0.323529 0.441176
  0.323529 0.5
  0.323529 0.558824
  0.323529 0.617647
  0.323529 0.676471
  0.323529 0.735294
  0.323529 0.794118
  0.323529 0.852941
  0.323529 0.911765
  0.323529 0.970588
  0.323529 1.02941
  0.323529 1.08824
  0.323529 1.14706
  0.323529 1.20588
  0.323529 1.26471
  0.323529 1.32353
  0.382353 -1.26471
  0.382353 -1.20588
  0.382353 -1.14706
  0.382353 -1.08824
  0.382353 -1.02941
  0.382353 -0.970588
  0.382353 -0.911765
  0.382353 -0.852941
  0.382353 -0.794118
  0.382353 -0.735294
  0.382353 -0.676471
  0.382353 -0.617647
  0.382353 -0.558824
  0.382353 -0.5
  0.382353 -0.441176
  0.382353 -0.382353
  0.382353 -0.323529
  0.382353 -0.264706
  0.382353 -0.205882
  0.382353 -0.147059
  0.382353 -0.0882353
  0.382353 -0.0294118
  0.382353 -0.0294118
  0.382353 0.0294118
  0.382353 0.0882353
  0.382353 0.147059
  0.382353 0.205882
  0.382353 0.264706
  0.382353 0.323529
  0.382353 0.382353
  0.382353 0.441176
  0.382353 0.5
  0.382353 0.558824
  0.382353 0.617647
  0.382353 0.676471
  0.382353 0.735294
  0.382353 0.794118
  0.382353 0.852941
  0.382353 0.911765
  0.382353 0.970588
  0.382353 1.02941
  0.382353 1.08824
  0.382353 1.14706
  0.382353 1.20588
  0.382353 1.26471
  0.382353 1.32353
  0.441176 -1.20588
  0.441176 -1.14706
  0.441176 -1.08824
  0.441176 -1.02941
  0.441176 -0.970588
  0.441176 -0.911765
  0.441176 -0.852941
  0.441176 -0.794118
  0.441176 -0.735294
  0.441176 -0.676471
  0.441176 -0.617647
  0.441176 -0.558824
  0.441176 -0.5
  0.441176 -0.441176
  0.441176 -0.382353
  0.441176 -0.323529
  0.441176 -0.264706
  0.441176 -0.205882
  0.441176 -0.147059
  0.441176 -0.0882353
  0.441176 -0.0294118
  0.441176 -0.0294118
  0.441176 0.0294118
  0.441176 0.0882353
  0.441176 0.147059
  0.441176 0.205882
  0.441176 0.264706
  0.441176 0.323529
  0.441176 0.382353
  0.441176 0.441176
  0.441176 0.5
  0.441176 0.558824
  0.441176 0.617647
  0.441176 0.676471
  0.441176 0.735294
  0.441176 0.794118
  0.441176 0.852941
  0.441176 0.911765
  0.441176 0.970588
  0.441176 1.02941
  0.441176 1.08824
  0.441176 1.14706
  0.441176 1.20588
  0.441176 1.26471
  0.441176 1.32353
  0.5 -1.20588
  0.5 -1.14706
  0.5 -1.08824
  0.5 -1.02941
  0.5 -0.970588
  0.5 -0.911765
  0.5 -0.852941
  0.5 -0.794118
  0.5 -0.735294
  0.5 -0.676471
  0.5 -0.617647
  0.5 -0.558824
  0.5 -0.5
  0.5 -0.441176
  0.5 -0.382353
  0.5 -0.323529
  0.5 -0.264706
  0.5 -0.205882
  0.5 -0.147059
  0.5 -0.0882353
  0.5 -0.0294118
  0.5 -0.0294118
  0.5 0.0294118
  0.5 0.0882353
  0.5 0.147059
  0.5 0.205882
  0.5 0.264706
  0.5 0.323529
  0.5 0.382353
  0.5 0.441176
  0.5 0.5
  0.5 0.558824
  0.5 0.617647
  0.5 0.676471
  0.5 0.735294
  0.5 0.794118
  0.5 0.852941
  0.5 0.911765
  0.5 0.970588
  0.5 1.02941
  0.5 1.08824
  0.5 1.14706
  0.5 1.20588
  0.5 1.26471
  0.5 1.32353
  0.558824 -1.14706
  0.558824 -1.08824
  0.558824 -1.02941
  0.558824 -0.970588
  0.558824 -0.911765
  0.558824 -0.852941
  0.558824 -0.794118
  0.558824 -0.735294
  0.558824 -0.676471
  0.558824 -0.617647
  0.558824 -0.558824
  0.558824 -0.5
  0.558824 -0.441176
  0.558824 -0.382353
  0.558824 -0.323529
  0.558824 -0.264706
  0.558824 -0.205882
  0.558824 -0.147059
  0.558824 -0.0882353
  0.558824 -0.0294118
  0.558824 -0.0294118
  0.558824 0.0294118
  0.558824 0.0882353
  0.558824 0.147059
  0.558824 0.205882
  0.558824 0.264706
  0.558824 0.323529
  0.558824 0.382353
  0.558824 0.441176
  0.558824 0.5
  0.558824 0.558824
  0.558824 0.617647
  0.558824 0.676471
  0.558824 0.735294
  0.558824 0.794118
  0.558824 0.852941
  0.558824 0.911765
  0.558824 0.970588
  0.558824 1.02941
  0.558824 1.08824
  0.558824 1.14706
  0.558824 1.20588
  0.558824 1.26471
  0.558824 1.32353
  0.617647 -1.14706
  0.617647 -1.08824
  0.617647 -1.02941
  0.617647 -0.970588
  0.617647 -0.911765
  0.617647 -0.852941
  0.617647 -0.794118
  0.617647 -0.735294
  0.617647 -0.676471
  0.617647 -0.617647
  0.617647 -0.558824
  0.617647 -0.5
  0.617647 -0.441176
  0.617647 -0.382353
  0.617647 -0.323529
  0.617647 -0.264706
  0.617647 -0.205882
  0.617647 -0.147059
  0.617647 -0.0882353
  0.617647 -0.0294118
  0.617647 -0.0273803
  0.617647 0.0294118
  0.617647 0.0882353
  0.617647 0.147059
  0.617647 0.205882
  0.617647 0.264706
  0.617647 0.323529
  0.617647 0.382353
  0.617647 0.441176
  0.617647 0.5
  0.617647 0.558824
  0.617647 0.617647
  0.617647 0.676471
  0.617647 0.735294
  0.617647 0.794118
  0.617647 0.852941
  0.617647 0.911765
  0.617647 0.970588
  0.617647 1.02941
  0.617647 1.08824
  0.617647 1.14706
  0.617647 1.20588
  0.617647 1.26471
  0.617647 1.32353
  0.676471 -1.08824
  0.676471 -1.02941
  0.676471 -0.970588
  0.676471 -0.911765
  0.676471 -0.852941
  0.676471 -0.794118
  0.676471 -0.735294
  0.676471 -0.676471
  0.676471 -0.617647
  0.676471 -0.558824
  0.676471 -0.5
  0.676471 -0.441176
  0.676471 -0.382353
  0.676471 -0.323529
  0.676471 -0.264706
  0.676471 -0.205882
  0.676471 -0.147059
  0.676471 -0.0882353
  0.676471 -0.0294118
  0.676471 -0.0212838
  0.676471 0.0294118
  0.676471 0.0882353
  0.676471 0.147059
  0.676471 0.205882
  0.676471 0.264706
  0.676471 0.323529
  0.676471 0.382353
  0.676471 0.441176
  0.676471 0.5
  0.676471 0.558824
  0.676471 0.617647
  0.676471 0.676471
  0.676471 0.735294
  0.676471 0.794118
  0.676471 0.852941
  0.676471 0.911765
  0.676471 0.970588
  0.676471 1.02941
  0.676471 1.08824
  0.676471 1.14706
  0.676471 1.20588
  0.676471 1.26471
  0.676471 1.32353
  0.735294 -1.02941
  0.735294 -0.970588
  0.735294 -0.911765
  0.735294 -0.852941
  0.735294 -0.794118
  0.735294 -0.735294
  0.735294 -0.676471
  0.735294 -0.617647
  0.735294 -0.558824
  0.735294 -0.5
  0.735294 -0.441176
  0.735294 -0.382353
  0.735294 -0.323529
  0.735294 -0.264706
  0.735294 -0.205882
  0.735294 -0.147059
  0.735294 -0.0882353
  0.735294 -0.0294118
  0.735294 -0.0150612
  0.735294 0.0294118
  0.735294 0.0882353
  0.735294 0.147059
  0.735294 0.205882
  0.735294 0.264706
  0.735294 0.323529
  0.735294 0.382353
  0.735294 0.441176
  0.735294 0.5
  0.735294 0.558824
  0.735294 0.617647
  0.735294 0.676471
  0.735294 0.735294
  0.735294 0.794118
  0.735294 0.852941
  0.735294 0.911765
  0.735294 0.970588
  0.735294 1.02941
  0.735294 1.08824
  0.735294 1.14706
  0.735294 1.20588
  0.735294 1.26471
  0.735294 1.32353
  0.794118 -0.970588
  0.794118 -0.911765
  0.794118 -0.852941
  0.794118 -0.794118
  0.794118 -0.735294
  0.794118 -0.676471
  0.794118 -0.617647
  0.794118 -0.558824
  0.794118 -0.5
  0.794118 -0.441176
  0.794118 -0.382353
  0.794118 -0.323529
  0.794118 -0.264706
  0.794118 -0.205882
  0.794118 -0.147059
  0.794118 -0.0882353
  0.794118 -0.0294118
  0.794118 -0.00874241
  0.794118 0.0294118
  0.794118 0.0882353
  0.794118 0.147059
  0.794118 0.205882
  0.794118 0.264706
  0.794118 0.323529
  0.794118 0.382353
  0.794118 0.441176
  0.794118 0.5
  0.794118 0.558824
  0.794118 0.617647
  0.794118 0.676471
  0.794118 0.735294
  0.794118 0.794118
  0.794118 0.852941
  0.794118 0.911765
  0.794118 0.970588
  0.794118 1.02941
  0.794118 1.08824
  0.794118 1.14706
  0.794118 1.20588
  0.794118 1.26471
  0.794118 1.32353
  0.852941 -0.911765
  0.852941 -0.852941
  0.852941 -0.794118
  0.852941 -0.735294
  0.852941 -0.676471
  0.852941 -0.617647
  0.852941 -0.558824
  0.852941 -0.5
  0.852941 -0.441176
  0.852941 -0.382353
  0.852941 -0.323529
  0.852941 -0.264706
  0.852941 -0.205882
  0.852941 -0.147059
  0.852941 -0.0882353
  0.852941 -0.0294118
  0.852941 -0.00110491
  0.852941 0.0294118
  0.852941 0.0882353
  0.852941 0.147059
  0.852941 0.205882
  0.852941 0.264706
  0.852941 0.323529
  0.852941 0.382353
  0.852941 0.441176
  0.852941 0.5
  0.852941 0.558824
  0.852941 0.617647
  0.852941 0.676471
  0.852941 0.735294
  0.852941 0.794118
  0.852941 0.852941
  0.852941 0.911765
  0.852941 0.970588
  0.852941 1.02941
  0.852941 1.08824
  0.852941 1.14706
  0.852941 1.20588
  0.852941 1.26471
  0.911765 -0.852941
  0.911765 -0.794118
  0.911765 -0.735294
  0.911765 -0.676471
  0.911765 -0.617647
  0.911765 -0.558824
  0.911765 -0.5
  0.911765 -0.441176
  0.911765 -0.382353
  0.911765 -0.323529
  0.911765 -0.264706
  0.911765 -0.205882
  0.911765 -0.147059
  0.911765 -0.0882353
  0.911765 -0.0294118
  0.911765 0.0294118
  0.911765 0.0294118
  0.911765 0.0882353
  0.911765 0.147059
  0.911765 0.205882
  0.911765 0.264706
  0.911765 0.323529
  0.911765 0.382353
  0.911765 0.441176
  0.911765 0.5
  0.911765 0.558824
  0.911765 0.617647
  0.911765 0.676471
  0.911765 0.735294
  0.911765 0.794118
  0.911765 0.852941
  0.911765 0.911765
  0.911765 0.970588
  0.911765 1.02941
  0.911765 1.08824
  0.911765 1.14706
  0.911765 1.20588
  0.911765 1.26471
  0.970588 -0.794118
  0.970588 -0.735294
  0.970588 -0.676471
  0.970588 -0.617647
  0.970588 -0.558824
  0.970588 -0.5
  0.970588 -0.441176
  0.970588 -0.382353
  0.970588 -0.323529
  0.970588 -0.264706
  0.970588 -0.205882
  0.970588 -0.147059
  0.970588 -0.0882353
  0.970588 -0.0294118
  0.970588 0.0294118
  0.970588 0.0294118
  0.970588 0.0882353
  0.970588 0.147059
  0.970588 0.205882
  0.970588 0.264706
  0.970588 0.323529
  0.970588 0.382353
  0.970588 0.441176
  0.970588 0.5
  0.970588 0.558824
  0.970588 0.617647
  0.970588 0.676471
  0.970588 0.735294
  0.970588 0.794118
  0.970588 0.852941
  0.970588 0.911765
  0.970588 0.970588
  0.970588 1.02941
  0.970588 1.08824
  0.970588 1.14706
  0.970588 1.20588
  0.970588 1.26471
  1.02941 -0.735294
  1.02941 -0.676471
  1.02941 -0.617647
  1.02941 -0.558824
  1.02941 -0.5
  1.02941 -0.441176
  1.02941 -0.382353
  1.02941 -0.323529
  1.02941 -0.264706
  1.02941 -0.205882
  1.02941 -0.147059
  1.02941 -0.0882353
  1.02941 -0.0294118
  1.02941 0.0294118
  1.02941 0.0294118
  1.02941 0.0882353
  1.02941 0.147059
  1.02941 0.205882
  1.02941 0.264706
  1.02941 0.323529
  1.02941 0.382353
  1.02941 0.441176
  1.02941 0.5
  1.02941 0.558824
  1.02941 0.617647
  1.02941 0.676471
  1.02941 0.735294
  1.02941 0.794118
  1.02941 0.852941
  1.02941 0.911765
  1.02941 0.970588
  1.02941 1.02941
  1.02941 1.08824
  1.02941 1.14706
  1.02941 1.20588
  1.08824 -0.617647
  1.08824 -0.558824
  1.08824 -0.5
  1.08824 -0.441176
  1.08824 -0.382353
  1.08824 -0.323529
  1.08824 -0.264706
  1.08824 -0.205882
  1.08824 -0.147059
  1.08824 -0.0882353
  1.08824 -0.0294118
  1.08824 0.0294118
  1.08824 0.0294118
  1.08824 0.0882353
  1.08824 0.147059
  1.08824 0.205882
  1.08824 0.264706
  1.08824 0.323529
  1.08824 0.382353
  1.08824 0.441176
  1.08824 0.5
  1.08824 0.558824
  1.08824 0.617647
  1.08824 0.676471
  1.08824 0.735294
  1.08824 0.794118
  1.08824 0.852941
  1.08824 0.911765
  1.08824 0.970588
  1.08824 1.02941
  1.08824 1.08824
  1.08824 1.14706
  1.08824 1.20588
  1.14706 -0.558824
  1.14706 -0.5
  1.14706 -0.441176
  1.14706 -0.382353
  1.14706 -0.323529
  1.14706 -0.264706
  1.14706 -0.205882
  1.14706 -0.147059
  1.14706 -0.0882353
  1.14706 -0.0294118
  1.14706 0.0294118
  1.14706 0.0294118
  1.14706 0.0882353
  1.14706 0.147059
  1.14706 0.205882
  1.14706 0.264706
  1.14706 0.323529
  1.14706 0.382353
  1.14706 0.441176
  1.14706 0.5
  1.14706 0.558824
  1.14706 0.617647
  1.14706 0.676471
  1.14706 0.735294
  1.14706 0.794118
  1.14706 0.852941
  1.14706 0.911765
  1.14706 0.970588
  1.14706 1.02941
  1.14706 1.08824
  1.14706 1.14706
  1.20588 -0.441176
  1.20588 -0.382353
  1.20588 -0.323529
  1.20588 -0.264706
  1.20588 -0.205882
  1.20588 -0.147059
  1.20588 -0.0882353
  1.20588 -0.0294118
  1.20588 0.0294118
  1.20588 0.0350368
  1.20588 0.0882353
  1.20588 0.147059
  1.20588 0.205882
  1.20588 0.264706
  1.20588 0.323529
  1.20588 0.382353
  1.20588 0.441176
  1.20588 0.5
  1.20588 0.558824
  1.20588 0.617647
  1.20588 0.676471
  1.20588 0.735294
  1.20588 0.794118
  1.20588 0.852941
  1.20588 0.911765
  1.20588 0.970588
  1.20588 1.02941
  1.20588 1.08824
  1.26471 -0.323529
  1.26471 -0.264706
  1.26471 -0.205882
  1.26471 -0.147059
  1.26471 -0.0882353
  1.26471 -0.0294118
  1.26471 0.0294118
  1.26471 0.0423474
  1.26471 0.0882353
  1.26471 0.147059
  1.26471 0.205882
  1.26471 0.264706
  1.26471 0.323529
  1.26471 0.382353
  1.26471 0.441176
  1.26471 0.5
  1.26471 0.558824
  1.26471 0.617647
  1.26471 0.676471
  1.26471 0.735294
  1.26471 0.794118
  1.26471 0.852941
  1.26471 0.911765
  1.26471 0.970588
  1.26471 1.02941
  1.32353 -0.205882
  1.32353 -0.147059
  1.32353 -0.0882353
  1.32353 -0.0294118
  1.32353 0.0294118
  1.32353 0.0498704
  1.32353 0.0882353
  1.32353 0.147059
  1.32353 0.205882
  1.32353 0.264706
  1.32353 0.323529
  1.32353 0.382353
  1.32353 0.441176
  1.32353 0.5
  1.32353 0.558824
  1.32353 0.617647
  1.32353 0.676471
  1.32353 0.735294
  1.32353 0.794118
  1.32353 0.852941
  1.32353 0.911765
  1.38235 -0.0294118
  1.38235 0.0294118
  1.38235 0.0796269
  1.38235 0.0882353
  1.38235 0.147059
  1.38235 0.205882
  1.38235 0.264706
  1.38235 0.323529
  1.38235 0.382353
  1.38235 0.441176
  1.38235 0.5
  1.38235 0.558824
  1.38235 0.617647
  1.38235 0.676471
  1.38235 0.735294
  1.38235 0.794118
  1.44118 0.323529
  1.44118 0.382353
  1.44118 0.441176
  1.44118 0.5
probabilities:
  0.000233333
  0.00287778
  0.00777778
  0.0084
  0.00318889
  0.000855556
  0.00123333
  0.0152111
  0.0411111
  0.0444
  0.0168556
  0.00452222
  0.00386667
  0.0476889
  0.128889
  0.1392
  0.0528444
  0.0141778
  0.00303333
  0.0374111
  0.101111
  0.1092
  0.0414556
  0.0111222
  0.0013
  0.0160333
  0.0433333
  0.0468
  0.0177667
  0.00476667
  0.000333333
  0.00411111
  0.0111111
  0.012
  0.00455556
  0.00122222
  0
  0
  0
  0
  0
  0
  0
  0
  0
  0
  0
  0
  0
  0
  0
  0
  0
  0
  0
  0
  0
  0
  0
  0
  0
  0
  0
  0
  0
  0
  0
  0
  0
  0
  0
  0
  0
  0
  0
  0
  0
  0
  0
  0
  0
  0
  0
  0
  0
  0
  0
  0
  0
  0
  0
  0
  0
  0
  0
  0
  0
  0
  0
  0
  0
  0
  0
  0
  0
  0
  0
  0
  0
  0
  0
  0
  0
  0
  0
  0
  0
  0
  0
  0
  0
  0
  0
  0
  0
  0
  0
  0
  0
  0
  0
  0
  0
  0
  0
  0
  0
  0
  0
  0
  0
  0
  0
  0
  0
  0
  0
  0
  0
  0
  0
  0
  0
  0
  0
  0
  0
  0
  0
  0
  0
  0
  0
  0
  0
  0
  0
  0
  0
  0
  0
  0
  0
  0
  0
  0
  0
  0
  0
  0
  0
  0
  0
  0
  0
  0
  0
  0
  0
  0
  0
  0
  0
  0
  0
  0
  0
  0
  0
  0
  0
  0
  0
  0
  0
  0
  0
  0
  0
  0
  0
  0
  0
  0
  0
  0
  0
  0
  0
  0
  0
  0
  0
  0
  0
  0
  0
  0
  0
  0
  0
  0
  0
  0
  0
  0
  0
  0
  0
  0
  0
  0
  0
  0
  0
  0
  0
  0
  0
  0
  0
  0
  0
  0
  0
  0
  0
  0
  0
  0
  0
  0
  0
  0
  0
  0
  0
  0
  0
  0
  0
  0
  0
  0
  0
  0
  0
  0
  0
  0
  0
  0
  0
  0
  0
  0
  0
  0
  0
  0
  0
  0
  0
  0
  0
  0
  0
  0
  0
  0
  0
  0
  0
  0
  0
  0
  0
  0
  0
  0
  0
  0
  0
  0
  0
  0
  0
  0
  0
  0
  0
  0
  0
  0
  0
  0
  0
  0
  0
  0
  0
  0
  0
  0
  0
  0
  0
  0
  0
  0
  0
  0
  0
  0
  0
  0
  0
  0
  0
  0
  0
  0
  0
  0
  0
  0
  0
  0
  0
  0
  0
  0
  0
  0
  0
  0
  0
  0
  0
  0
  0
  0
  0
  0
  0
  0
  0
  0
  0
  0
  0
  0
  0
  0
  0
  0
  0
  0
  0
  0
  0
  0
  0
  0
  0
  0
  0
  0
  0
  0
  0
  0
  0
  0
  0
  0
  0
  0
  0
  0
  0
  0
  0
  0
  0
  0
  0
  0
  0
  0
  0
  0
  0
  0
  0
  0
  0
  0
  0
  0
  0
  0
  0
  0
  0
  0
  0
  0
  0
  0
  0
  0
  0
  0
  0
  0
  0
  0
  0
  0
  0
  0
  0
  0
  0
  0
  0
  0
  0
  0
  0
  0
  0
  0
  0
  0
  0
  0
  0
  0
  0
  0
  0
  0
  0
  0
  0
  0
  0
  0
  0
  0
  0
  0
  0
  0
  0
  0
  0
  0
  0
  0
  0
  0
  0
  0
  0
  0
  0
  0
  0
  0
  0
  0
  0
  0
  0
  0
  0
  0
  0
  0
  0
  0
  0
  0
  0
  0
  0
  0
  0
  0
  0
  0
  0
  0
  0
  0
  0
  0
  0
  0
  0
  0
  0
  0
  0
  0
  0
  0
  0
  0
  0
  0
  0
  0
  0
  0
  0
  0
  0
  0
  0
  0
  0
  0
  0
  0
  0
  0
  0
  0
  0
  0
  0
  0
  0
  0
  0
  0
  0
  0
  0
  0
  0
  0
  0
  0
  0
  0
  0
  0
  0
  0
  0
  0
  0
  0
  0
  0
  0
  0
  0
  0
  0
  0
  0
  0
  0
  0
  0
  0
  0
  0
  0
  0
  0
  0
  0
  0
  0
  0
  0
  0
  0
  0
  0
  0
  0
  0
  0
  0
  0
  0
  0
  0
  0
  0
  0
  0
  0
  0
  0
  0
  0
  0
  0
  0
  0
  0
  0
  0
  0
  0
  0
  0
  0
  0
  0
  0
  0
  0
  0
  0
  0
  0
  0
  0
  0
  0
  0
  0
  0
  0
  0
  0
  0
  0
  0
  0
  0
  0
  0
  0
  0
  0
  0
  0
  0
  0
  0
  0
  0
  0
  0
  0
  0
  0
  0
  0
  0
  0
  0
  0
  0
  0
  0
  0
  0
  0
  0
  0
  0
  0
  0
  0
  0
  0
  0
  0
  0
  0
  0
  0
  0
  0
  0
  0
  0
  0
  0
  0
  0
  0
  0
  0
  0
  0
  0
  0
  0
  0
  0
  0
  0
  0
  0
  0
  0
  0
  0
  0
  0
  0
  0
  0
  0
  0
  0
  0
  0
  0
  0
  0
  0
  0
  0
  0
  0
  0
  0
  0
  0
  0
  0
  0
  0
  0
  0
  0
  0
  0
  0
  0
  0
  0
  0
  0
  0
  0
  0
  0
  0
  0
  0
  0
  0
  0
  0
  0
  0
  0
  0
  0
  0
  0
  0
  0
  0
  0
  0
  0
  0
  0
  0
  0
  0
  0
  0
  0
  0
  0
  0
  0
  0
  0
  0
  0
  0
  0
  0
  0
  0
  0
  0
  0
  0
  0
  0
  0
  0
  0
  0
  0
  0
  0
  0
  0
  0
  0
  0
  0
  0
  0
  0
  0
  0
  0
  0
  0
  0
  0
  0
  0
  0
  0
  0
  0
  0
  0
  0
  0
  0
  0
  0
  0
  0
  0
  0
  0
  0
  0
  0
  0
  0
  0
  0
  0
  0
  0
  0
  0
  0
  0
  0
  0
  0
  0
  0
  0
  0
  0
  0
  0
  0
  0
  0
  0
  0
  0
  0
  0
  0
  0
  0
  0
  0
  0
  0
  0
  0
  0
  0
  0
  0
  0
  0
  0
  0
  0
  0
  0
  0
  0
  0
  0
  0
  0
  0
  0
  0
  0
  0
  0
  0
  0
  0
  0
  0
  0
  0
  0
  0
  0
  0
  0
  0
  0
  0
  0
  0
  0
  0
  0
  0
  0
  0
  0
  0
  0
  0
  0
  0
  0
  0
  0
  0
  0
  0
  0
  0
  0
  0
  0
  0
  0
  0
  0
  0
  0
  0
  0
  0
  0
  0
  0
  0
  0
  0
  0
  0
  0
  0
  0
  0
  0
  0
  0
  0
  0
  0
  0
  0
  0
  0
  0
  0
  0
  0
  0
  0
  0
  0
  0
  0
  0
  0
  0
  0
  0
  0
  0
  0
  0
  0
  0
  0
  0
  0
  0
  0
  0
  0
  0
  0
  0
  0
  0
  0
  0
  0
  0
  0
  0
  0
  0
  0
  0
  0
  0
  0
  0
  0
  0
  0
  0
  0
  0
  0
  0
  0
  0
  0
  0
  0
  0
  0
  0
  0
  0
  0
  0
  0
  0
  0
  0
  0
  0
  0
  0
  0
  0
  0
  0
  0
  0
  0
  0
  0
  0
  0
  0
  0
  0
  0
  0
  0
  0
  0
  0
  0
  0
  0
  0
  0
  0
  0
  0
  0
  0
  0
  0
  0
  0
  0
  0
  0
  0
  0
  0
  0
  0
  0
  0
  0
  0
  0
  0
  0
  0
  0
  0
  0
  0
  0
  0
  0
  0
  0
  0
  0
  0
  0
  0
  0
  0
  0
  0
  0
  0
  0
  0
  0
  0
  0
  0
  0
  0
  0
  0
  0
  0
  0
  0
  0
  0
  0
  0
  0
  0
  0
  0
  0
  0
  0
  0
  0
  0
  0
  0
  0
  0
  0
  0
  0
  0
  0
  0
  0
  0
  0
  0
  0
  0
  0
  0
  0
  0
  0
  0
  0
  0
  0
  0
  0
  0
  0
  0
  0
  0
  0
  0
  0
  0
  0
  0
  0
  0
  0
  0
  0
  0
  0
  0
  0
  0
  0
  0
  0
  0
  0
  0
  0
  0
  0
  0
  0
  0
  0
  0
  0
  0
  0
  0
  0
  0
  0
  0
  0
  0
  0
  0
  0
  0
  0
  0
  0
  0
  0
  0
  0
  0
  0
  0
  0
  0
  0
  0
  0
  0
  0
  0
  0
  0
  0
  0
  0
  0
  0
  0
  0
  0
  0
  0
  0
  0
  0
  0
  0
  0
  0
  0
  0
  0
  0
  0
  0
  0
  0
  0
  0
  0
  0
  0
  0
  0
  0
  0
  0
  0
  0
  0
  0
  0
  0
  0
  0
  0
  0
  0
  0
  0
  0
  0
  0
  0
  0
  0
  0
  0
  0
  0
  0
  0
  0
  0
  0
  0
  0
  0
  0
  0
  0
  0
  0
  0
  0
  0
  0
  0
  0
  0
  0
  0
  0
  0
  0
  0
  0
  0
  0
  0
  0
  0
  0
  0
  0
  0
  0
  0
  0
  0
  0
  0
  0
  0
  0
  0
  0
  0
  0
  0
  0
  0
  0
  0
  0
  0
  0
  0
  0
  0
  0
  0
  0
  0
  0
  0
  0
  0
  0
  0
  0
  0
  0
  0
  0
  0
  0
  0
  0
  0
  0
  0
  0
  0
  0
  0
  0
  0
  0
  0
  0
  0
  0
  0
  0
  0
  0
  0
  0
  0
  0
  0
  0
  0
  0
  0
  0
  0
  0
  0
  0
  0
  0
  0
  0
  0
  0
  0
  0
  0
  0
  0
  0
  0
  0
  0
  0
  0
  0
  0
  0
  0
  0
  0
  0
  0
  0
  0
  0
  0
  0
  0
  0
  0
  0
  0
  0
  0
  0
  0
  0
  0
  0
  0
  0
  0
  0
  0
  0
  0
  0
  0
  0
  0
  0
  0
  0
  0
  0
  0
  0
  0
  0
  0
  0
  0
  0
  0
  0
  0
  0
  0
  0
  0
  0
  0
  0
  0
  0
  0
  0
  0
  0
  0
  0
  0
  0
  0
  0
  0
  0
  0
  0
  0
  0
  0
  0
  0
  0
  0
  0
  0
  0
  0
  0
  0
  0
  0
  0
  0
  0
  0
  0
  0
  0
  0
  0
  0
  0
  0
  0
  0
  0
  0
  0
  0
  0
  0
  0
  0
  0
  0
  0
  0
  0
  0
  0
  0
  0
  0
  0
  0
  0
  0
  0
  0
  0
  0
  0
  0
  0
  0
  0
  0
  0
  0
  0
  0
  0
  0
  0
  0
  0
  0
  0
  0
  0
  0
  0
  0
  0
  0
  0
  0
  0
  0
  0
  0
  0
  0
  0
  0
  0
  0
  0
  0
  0
  0
  0
  0
  0
  0
  0
  0
  0
  0
  0
  0
  0
  0
  0
  0
  0
  0
  0
  0
  0
  0
  0
  0
  0
  0
  0
  0
  0
  0
  0
  0
  0
  0
  0
  0
  0
  0
  0
  0
  0
  0
  0
  0
  0
  0
  0
  0
  0
  0
  0
  0
  0
  0
  0
  0
  0
  0
  0
  0
  0
  0
  0
  0
  0
  0
  0
  0
  0
  0
  0
  0
  0
  0
  0
  0
  0
  0
  0
  0
  0
  0
  0
  0
  0
  0
  0
  0
  0
  0
  0
  0
  0
  0
  0
  0
  0
  0
  0
  0
  0
  0
  0
  0
  0
  0
  0
  0
  0
  0
  0
  0
  0
  0
  0
  0
  0
  0
  0
  0
  0
  0
  0
  0
  0
  0
  0
  0
  0
  0
  0
  0
  0
  0
  0
  0
  0
  0
  0
  0
  0
  0
  0
  0
  0
  0
  0
  0
  0
  0
  0
  0
  0
  0
  0
  0
  0
  0
  0
  0
  0
  0
  0
  0
  0
  0
  0
  0
  0
  0
  0
  0
  0
  0
  0
  0
  0
  0
  0
  0
  0
  0
  0
  0
  0
  0
  0
  0
  0
  0
  0
  0
  0
  0
  0
  0
  0
  0
  0
Iteration: 1 with loss 850.883
support points:
  -0.185377 -0.303024
  0.63977 0.617647
  -2.97192 0.647059
  -2.97192 0.705882
  -2.97192 0.764706
  -2.97192 0.823529
  -2.97192 0.882353
  -2.97192 0.941176
  -2.97192 1
  -2.97192 1.05882
  -2.97192 1.11765
  -2.97192 1.17647
  -2.97192 1.23529
  -2.97192 1.29412
  -2.97192 1.35294
  -2.97192 1.41176
  -2.97192 1.47059
  -2.97059 1.5
  -2.97059 1.55882
  -2.97059 1.61765
  -2.97059 1.67647
  -2.97059 1.73529
  -2.97059 1.79412
  -2.97059 1.85294
  -2.97059 1.91176
  -2.97059 1.97059
  -2.97059 2.02941
  -2.97059 2.08824
  -2.97059 2.14706
  -2.97059 2.20588
  -2.97059 2.26471
  -2.97059 2.32353
  -2.94118 0.647059
  -2.94118 0.705882
  -2.94118 0.764706
  -2.94118 0.823529
  -2.94118 0.882353
  -2.94118 0.941176
  -2.94118 1
  -2.94118 1.05882
  -2.94118 1.11765
  -2.94118 1.17647
  -2.94118 1.23529
  -2.94118 1.29412
  -2.91176 1.32353
  -2.91176 1.38235
  -2.91176 1.44118
  -2.91176 1.5
  -2.91176 1.55882
  -2.91176 1.61765
  -2.91176 1.67647
  -2.91176 1.73529
  -2.91176 1.79412
  -2.91176 1.85294
  -2.91176 1.91176
  -2.91176 1.97059
  -2.91176 2.02941
  -2.91176 2.08824
  -2.91176 2.14706
  -2.91176 2.20588
  -2.91176 2.26471
  -2.91176 2.32353
  -2.88235 0.588235
  -2.88235 0.647059
  -2.88235 0.705882
  -2.88235 0.764706
  -2.88235 0.823529
  -2.88235 0.882353
  -2.88235 0.941176
  -2.88235 1
  -2.88235 1.05882
  -2.88235 1.11765
  -2.88235 1.17647
  -2.88235 1.23529
  -2.88235 1.29412
  -2.88235 1.35294
  -2.85294 1.38235
  -2.85294 1.44118
  -2.85294 1.5
  -2.85294 1.55882
  -2.85294 1.61765
  -2.85294 1.67647
  -2.85294 1.73529
  -2.85294 1.79412
  -2.85294 1.85294
  -2.85294 1.91176
  -2.85294 1.97059
  -2.85294 2.02941
  -2.85294 2.08824
  -2.85294 2.14706
  -2.85294 2.20588
  -2.85294 2.26471
  -2.85294 2.32353
  -2.82353 0.588235
  -2.82353 0.647059
  -2.82353 0.705882
  -2.82353 0.764706
  -2.82353 0.823529
  -2.82353 0.882353
  -2.82353 0.941176
  -2.82353 1
  -2.82353 1.05882
  -2.82353 1.11765
  -2.82353 1.17647
  -2.82353 1.23529
  -2.82353 1.29412
  -2.82353 1.35294
  -2.82353 1.41176
  -2.79412 1.44118
  -2.79412 1.5
  -2.79412 1.55882
  -2.79412 1.61765
  -2.79412 1.67647
  -2.79412 1.73529
  -2.79412 1.79412
  -2.79412 1.85294
  -2.79412 1.91176
  -2.79412 1.97059
  -2.79412 2.02941
  -2.79412 2.08824
  -2.79412 2.14706
  -2.79412 2.20588
  -2.79412 2.26471
  -2.79412 2.32353
  -2.76471 0.588235
  -2.76471 0.647059
  -2.76471 0.705882
  -2.76471 0.764706
  -2.76471 0.823529
  -2.76471 0.882353
  -2.76471 0.941176
  -2.76471 1
  -2.76471 1.05882
  -2.76471 1.11765
  -2.76471 1.17647
  -2.76471 1.23529
  -2.76471 1.29412
  -2.76471 1.35294
  -2.76471 1.41176
  -2.75763 1.46351
  -2.73529 1.5
  -2.73529 1.55882
  -2.73529 1.61765
  -2.73529 1.67647
  -2.73529 1.73529
  -2.73529 1.79412
  -2.73529 1.85294
  -2.73529 1.91176
  -2.73529 1.97059
  -2.73529 2.02941
  -2.73529 2.08824
  -2.73529 2.14706
  -2.73529 2.20588
  -2.73529 2.26471
  -2.73529 2.32353
  -2.73529 2.38235
  -2.70588 0.588235
  -2.70588 0.647059
  -2.70588 0.705882
  -2.70588 0.764706
  -2.70588 0.823529
  -2.70588 0.882353
  -2.70588 0.941176
  -2.70588 1
  -2.70588 1.05882
  -2.70588 1.11765
  -2.70588 1.17647
  -2.70588 1.23529
  -2.70588 1.29412
  -2.70588 1.35294
  -2.70588 1.41176
  -2.70588 1.47059
  -2.69165 1.51518
  -2.67647 1.55882
  -2.67647 1.61765
  -2.67647 1.67647
  -2.67647 1.73529
  -2.67647 1.79412
  -2.67647 1.85294
  -2.67647 1.91176
  -2.67647 1.97059
  -2.67647 2.02941
  -2.67647 2.08824
  -2.67647 2.14706
  -2.67647 2.20588
  -2.67647 2.26471
  -2.67647 2.32353
  -2.64706 0.529412
  -2.64706 0.588235
  -2.64706 0.647059
  -2.64706 0.705882
  -2.64706 0.764706
  -2.64706 0.823529
  -2.64706 0.882353
  -2.64706 0.941176
  -2.64706 1
  -2.64706 1.05882
  -2.64706 1.11765
  -2.64706 1.17647
  -2.64706 1.23529
  -2.64706 1.29412
  -2.64706 1.35294
  -2.64706 1.41176
  -2.64706 1.47059
  -2.64706 1.52941
  -2.61765 1.55882
  -2.61765 1.61765
  -2.61765 1.67647
  -2.61765 1.73529
  -2.61765 1.79412
  -2.61765 1.85294
  -2.61765 1.91176
  -2.61765 1.97059
  -2.61765 2.02941
  -2.61765 2.08824
  -2.61765 2.14706
  -2.61765 2.20588
  -2.61765 2.26471
  -2.61765 2.32353
  -2.58824 0.529412
  -2.58824 0.588235
  -2.58824 0.647059
  -2.58824 0.705882
  -2.58824 0.764706
  -2.58824 0.823529
  -2.58824 0.882353
  -2.58824 0.941176
  -2.58824 1
  -2.58824 1.05882
  -2.58824 1.11765
  -2.58824 1.17647
  -2.58824 1.23529
  -2.58824 1.29412
  -2.58824 1.35294
  -2.58824 1.41176
  -2.58824 1.47059
  -2.58824 1.52941
  -2.58791 1.58791
  -2.55882 1.61765
  -2.55882 1.67647
  -2.55882 1.73529
  -2.55882 1.79412
  -2.55882 1.85294
  -2.55882 1.91176
  -2.55882 1.97059
  -2.55882 2.02941
  -2.55882 2.08824
  -2.55882 2.14706
  -2.55882 2.20588
  -2.55882 2.26471
  -2.55882 2.32353
  -2.52941 0.529412
  -2.52941 0.588235
  -2.52941 0.647059
  -2.52941 0.705882
  -2.52941 0.764706
  -2.52941 0.823529
  -2.52941 0.882353
  -2.52941 0.941176
  -2.52941 1
  -2.52941 1.05882
  -2.52941 1.11765
  -2.52941 1.17647
  -2.52941 1.23529
  -2.52941 1.29412
  -2.52941 1.35294
  -2.52941 1.41176
  -2.52941 1.47059
  -2.52941 1.52941
  -2.52941 1.58824
  -2.51443 1.63207
  -2.5 1.67647
  -2.5 1.73529
  -2.5 1.79412
  -2.5 1.85294
  -2.5 1.91176
  -2.5 1.97059
  -2.5 2.02941
  -2.5 2.08824
  -2.5 2.14706
  -2.5 2.20588
  -2.5 2.26471
  -2.5 2.32353
  -2.47059 0.529412
  -2.47059 0.588235
  -2.47059 0.647059
  -2.47059 0.705882
  -2.47059 0.764706
  -2.47059 0.823529
  -2.47059 0.882353
  -2.47059 0.941176
  -2.47059 1
  -2.47059 1.05882
  -2.47059 1.11765
  -2.47059 1.17647
  -2.47059 1.23529
  -2.47059 1.29412
  -2.47059 1.35294
  -2.47059 1.41176
  -2.47059 1.47059
  -2.47059 1.52941
  -2.47059 1.58824
  -2.47059 1.64706
  -2.44118 1.67647
  -2.44118 1.73529
  -2.44118 1.79412
  -2.44118 1.85294
  -2.44118 1.91176
  -2.44118 1.97059
  -2.44118 2.02941
  -2.44118 2.08824
  -2.44118 2.14706
  -2.44118 2.20588
  -2.44118 2.26471
  -2.44118 2.32353
  -2.41176 0.529412
  -2.41176 0.588235
  -2.41176 0.647059
  -2.41176 0.705882
  -2.41176 0.764706
  -2.41176 0.823529
  -2.41176 0.882353
  -2.41176 0.941176
  -2.41176 1
  -2.41176 1.05882
  -2.41176 1.11765
  -2.41176 1.17647
  -2.41176 1.23529
  -2.41176 1.29412
  -2.41176 1.35294
  -2.41176 1.41176
  -2.41176 1.47059
  -2.41176 1.52941
  -2.41176 1.58824
  -2.41176 1.64706
  -2.40595 1.70006
  -2.38235 1.73529
  -2.38235 1.79412
  -2.38235 1.85294
  -2.38235 1.91176
  -2.38235 1.97059
  -2.38235 2.02941
  -2.38235 2.08824
  -2.38235 2.14706
  -2.38235 2.20588
  -2.38235 2.26471
  -2.38235 2.32353
  -2.35294 0.529412
  -2.35294 0.588235
  -2.35294 0.647059
  -2.35294 0.705882
  -2.35294 0.764706
  -2.35294 0.823529
  -2.35294 0.882353
  -2.35294 0.941176
  -2.35294 1
  -2.35294 1.05882
  -2.35294 1.11765
  -2.35294 1.17647
  -2.35294 1.23529
  -2.35294 1.29412
  -2.35294 1.35294
  -2.35294 1.41176
  -2.35294 1.47059
  -2.35294 1.52941
  -2.35294 1.58824
  -2.35294 1.64706
  -2.35294 1.70588
  -2.32353 1.73529
  -2.32353 1.79412
  -2.32353 1.85294
  -2.32353 1.91176
  -2.32353 1.97059
  -2.32353 2.02941
  -2.32353 2.08824
  -2.32353 2.14706
  -2.32353 2.20588
  -2.32353 2.26471
  -2.29412 0.470588
  -2.29412 0.529412
  -2.29412 0.588235
  -2.29412 0.647059
  -2.29412 0.705882
  -2.29412 0.764706
  -2.29412 0.823529
  -2.29412 0.882353
  -2.29412 0.941176
  -2.29412 1
  -2.29412 1.05882
  -2.29412 1.11765
  -2.29412 1.17647
  -2.29412 1.23529
  -2.29412 1.29412
  -2.29412 1.35294
  -2.29412 1.41176
  -2.29412 1.47059
  -2.29412 1.52941
  -2.29412 1.58824
  -2.29412 1.64706
  -2.29412 1.70588
  -2.28806 1.75864
  -2.26471 1.79412
  -2.26471 1.85294
  -2.26471 1.91176
  -2.26471 1.97059
  -2.26471 2.02941
  -2.26471 2.08824
  -2.26471 2.14706
  -2.26471 2.20588
  -2.26471 2.26471
  -2.23529 0.470588
  -2.23529 0.529412
  -2.23529 0.588235
  -2.23529 0.647059
  -2.23529 0.705882
  -2.23529 0.764706
  -2.23529 0.823529
  -2.23529 0.882353
  -2.23529 0.941176
  -2.23529 1
  -2.23529 1.05882
  -2.23529 1.11765
  -2.23529 1.17647
  -2.23529 1.23529
  -2.23529 1.29412
  -2.23529 1.35294
  -2.23529 1.41176
  -2.23529 1.47059
  -2.23529 1.52941
  -2.23529 1.58824
  -2.23529 1.64706
  -2.23529 1.70588
  -2.23529 1.76471
  -2.20588 1.79412
  -2.20588 1.85294
  -2.20588 1.91176
  -2.20588 1.97059
  -2.20588 2.02941
  -2.20588 2.08824
  -2.20588 2.14706
  -2.20588 2.20588
  -2.20588 2.26471
  -2.17647 0.470588
  -2.17647 0.529412
  -2.17647 0.588235
  -2.17647 0.647059
  -2.17647 0.705882
  -2.17647 0.764706
  -2.17647 0.823529
  -2.17647 0.882353
  -2.17647 0.941176
  -2.17647 1
  -2.17647 1.05882
  -2.17647 1.11765
  -2.17647 1.17647
  -2.17647 1.23529
  -2.17647 1.29412
  -2.17647 1.35294
  -2.17647 1.41176
  -2.17647 1.47059
  -2.17647 1.52941
  -2.17647 1.58824
  -2.17647 1.64706
  -2.17647 1.70588
  -2.17647 1.76471
  -2.16393 1.81099
  -2.14706 1.85294
  -2.14706 1.91176
  -2.14706 1.97059
  -2.14706 2.02941
  -2.14706 2.08824
  -2.14706 2.14706
  -2.14706 2.20588
  -2.11765 0.470588
  -2.11765 0.529412
  -2.11765 0.588235
  -2.11765 0.647059
  -2.11765 0.705882
  -2.11765 0.764706
  -2.11765 0.823529
  -2.11765 0.882353
  -2.11765 0.941176
  -2.11765 1
  -2.11765 1.05882
  -2.11765 1.11765
  -2.11765 1.17647
  -2.11765 1.23529
  -2.11765 1.29412
  -2.11765 1.35294
  -2.11765 1.41176
  -2.11765 1.47059
  -2.11765 1.52941
  -2.11765 1.58824
  -2.11765 1.64706
  -2.11765 1.70588
  -2.11765 1.76471
  -2.11765 1.82353
  -2.08824 1.85294
  -2.08824 1.91176
  -2.08824 1.97059
  -2.08824 2.02941
  -2.08824 2.08824
  -2.08824 2.14706
  -2.08824 2.20588
  -2.05882 0.470588
  -2.05882 0.529412
  -2.05882 0.588235
  -2.05882 0.647059
  -2.05882 0.705882
  -2.05882 0.764706
  -2.05882 0.823529
  -2.05882 0.882353
  -2.05882 0.941176
  -2.05882 1
  -2.05882 1.05882
  -2.05882 1.11765
  -2.05882 1.17647
  -2.05882 1.23529
  -2.05882 1.29412
  -2.05882 1.35294
  -2.05882 1.41176
  -2.05882 1.47059
  -2.05882 1.52941
  -2.05882 1.58824
  -2.05882 1.64706
  -2.05882 1.70588
  -2.05882 1.76471
  -2.05882 1.82353
  -2.02941 1.85294
  -2.02941 1.91176
  -2.02941 1.97059
  -2.02941 2.02941
  -2.02941 2.08824
  -2.02941 2.14706
  -2 0.470588
  -2 0.529412
  -2 0.588235
  -2 0.647059
  -2 0.705882
  -2 0.764706
  -2 0.823529
  -2 0.882353
  -2 0.941176
  -2 1
  -2 1.05882
  -2 1.11765
  -2 1.17647
  -2 1.23529
  -2 1.29412
  -2 1.35294
  -2 1.41176
  -2 1.47059
  -2 1.52941
  -2 1.58824
  -2 1.64706
  -2 1.70588
  -2 1.76471
  -2 1.82353
  -1.97059 1.85294
  -1.97059 1.91176
  -1.97059 1.97059
  -1.97059 2.02941
  -1.97059 2.08824
  -1.97059 2.14706
  -1.94118 0.529412
  -1.94118 0.588235
  -1.94118 0.647059
  -1.94118 0.705882
  -1.94118 0.764706
  -1.94118 0.823529
  -1.94118 0.882353
  -1.94118 0.941176
  -1.94118 1
  -1.94118 1.05882
  -1.94118 1.11765
  -1.94118 1.17647
  -1.94118 1.23529
  -1.94118 1.29412
  -1.94118 1.35294
  -1.94118 1.41176
  -1.94118 1.47059
  -1.94118 1.52941
  -1.94118 1.58824
  -1.94118 1.64706
  -1.94118 1.70588
  -1.94118 1.76471
  -1.94118 1.82353
  -1.93082 1.87199
  -1.91176 1.91176
  -1.91176 1.97059
  -1.91176 2.02941
  -1.91176 2.08824
  -1.88235 0.529412
  -1.88235 0.588235
  -1.88235 0.647059
  -1.88235 0.705882
  -1.88235 0.764706
  -1.88235 0.823529
  -1.88235 0.882353
  -1.88235 0.941176
  -1.88235 1
  -1.88235 1.05882
  -1.88235 1.11765
  -1.88235 1.17647
  -1.88235 1.23529
  -1.88235 1.29412
  -1.88235 1.35294
  -1.88235 1.41176
  -1.88235 1.47059
  -1.88235 1.52941
  -1.88235 1.58824
  -1.88235 1.64706
  -1.88235 1.70588
  -1.88235 1.76471
  -1.88235 1.82353
  -1.87846 1.87846
  -1.85294 1.91176
  -1.85294 1.97059
  -1.85294 2.02941
  -1.85294 2.08824
  -1.82353 0.529412
  -1.82353 0.588235
  -1.82353 0.647059
  -1.82353 0.705882
  -1.82353 0.764706
  -1.82353 0.823529
  -1.82353 0.882353
  -1.82353 0.941176
  -1.82353 1
  -1.82353 1.05882
  -1.82353 1.11765
  -1.82353 1.17647
  -1.82353 1.23529
  -1.82353 1.29412
  -1.82353 1.35294
  -1.82353 1.41176
  -1.82353 1.47059
  -1.82353 1.52941
  -1.82353 1.58824
  -1.82353 1.64706
  -1.82353 1.70588
  -1.82353 1.76471
  -1.82353 1.82353
  -1.82353 1.88235
  -1.79412 1.91176
  -1.79412 1.97059
  -1.79412 2.02941
  -1.76471 0.529412
  -1.76471 0.588235
  -1.76471 0.647059
  -1.76471 0.705882
  -1.76471 0.764706
  -1.76471 0.823529
  -1.76471 0.882353
  -1.76471 0.941176
  -1.76471 1
  -1.76471 1.05882
  -1.76471 1.11765
  -1.76471 1.17647
  -1.76471 1.23529
  -1.76471 1.29412
  -1.76471 1.35294
  -1.76471 1.41176
  -1.76471 1.47059
  -1.76471 1.52941
  -1.76471 1.58824
  -1.76471 1.64706
  -1.76471 1.70588
  -1.76471 1.76471
  -1.76471 1.82353
  -1.76471 1.88235
  -1.73529 1.91176
  -1.73529 1.97059
  -1.70588 0.529412
  -1.70588 0.588235
  -1.70588 0.647059
  -1.70588 0.705882
  -1.70588 0.764706
  -1.70588 0.823529
  -1.70588 0.882353
  -1.70588 0.941176
  -1.70588 1
  -1.70588 1.05882
  -1.70588 1.11765
  -1.70588 1.17647
  -1.70588 1.23529
  -1.70588 1.29412
  -1.70588 1.35294
  -1.70588 1.41176
  -1.70588 1.47059
  -1.70588 1.52941
  -1.70588 1.58824
  -1.70588 1.64706
  -1.70588 1.70588
  -1.70588 1.76471
  -1.70588 1.82353
  -1.70157 1.87805
  -1.67647 1.91176
  -1.64706 0.529412
  -1.64706 0.588235
  -1.64706 0.647059
  -1.64706 0.705882
  -1.64706 0.764706
  -1.64706 0.823529
  -1.64706 0.882353
  -1.64706 0.941176
  -1.64706 1
  -1.64706 1.05882
  -1.64706 1.11765
  -1.64706 1.17647
  -1.64706 1.23529
  -1.64706 1.29412
  -1.64706 1.35294
  -1.64706 1.41176
  -1.64706 1.47059
  -1.64706 1.52941
  -1.64706 1.58824
  -1.64706 1.64706
  -1.64706 1.70588
  -1.64706 1.76471
  -1.64706 1.82353
  -1.63564 1.87093
  -1.58824 0.529412
  -1.58824 0.588235
  -1.58824 0.647059
  -1.58824 0.705882
  -1.58824 0.764706
  -1.58824 0.823529
  -1.58824 0.882353
  -1.58824 0.941176
  -1.58824 1
  -1.58824 1.05882
  -1.58824 1.11765
  -1.58824 1.17647
  -1.58824 1.23529
  -1.58824 1.29412
  -1.58824 1.35294
  -1.58824 1.41176
  -1.58824 1.47059
  -1.58824 1.52941
  -1.58824 1.58824
  -1.58824 1.64706
  -1.58824 1.70588
  -1.58824 1.76471
  -1.58824 1.82353
  -1.52941 0.588235
  -1.52941 0.647059
  -1.52941 0.705882
  -1.52941 0.764706
  -1.52941 0.823529
  -1.52941 0.882353
  -1.52941 0.941176
  -1.52941 1
  -1.52941 1.05882
  -1.52941 1.11765
  -1.52941 1.17647
  -1.52941 1.23529
  -1.52941 1.29412
  -1.52941 1.35294
  -1.52941 1.41176
  -1.52941 1.47059
  -1.52941 1.52941
  -1.52941 1.58824
  -1.52941 1.64706
  -1.52941 1.70588
  -1.52941 1.76471
  -1.47059 0.588235
  -1.47059 0.647059
  -1.47059 0.705882
  -1.47059 0.764706
  -1.47059 0.823529
  -1.47059 0.882353
  -1.47059 0.941176
  -1.47059 1
  -1.47059 1.05882
  -1.47059 1.11765
  -1.47059 1.17647
  -1.47059 1.23529
  -1.47059 1.29412
  -1.47059 1.35294
  -1.47059 1.41176
  -1.47059 1.47059
  -1.47059 1.52941
  -1.47059 1.58824
  -1.47059 1.64706
  -1.47059 1.70588
  -1.41176 0.588235
  -1.41176 0.647059
  -1.41176 0.705882
  -1.41176 0.764706
  -1.41176 0.823529
  -1.41176 0.882353
  -1.41176 0.941176
  -1.41176 1
  -1.41176 1.05882
  -1.41176 1.11765
  -1.41176 1.17647
  -1.41176 1.23529
  -1.41176 1.29412
  -1.41176 1.35294
  -1.41176 1.41176
  -1.41176 1.47059
  -1.41176 1.52941
  -1.41176 1.58824
  -1.41176 1.64706
  -1.35294 0.647059
  -1.35294 0.705882
  -1.35294 0.764706
  -1.35294 0.823529
  -1.35294 0.882353
  -1.35294 0.941176
  -1.35294 1
  -1.35294 1.05882
  -1.35294 1.11765
  -1.35294 1.17647
  -1.35294 1.23529
  -1.35294 1.29412
  -1.35294 1.35294
  -1.35294 1.41176
  -1.35294 1.47059
  -1.35294 1.52941
  -1.35294 1.58824
  -1.29412 0.647059
  -1.29412 0.705882
  -1.29412 0.764706
  -1.29412 0.823529
  -1.29412 0.882353
  -1.29412 0.941176
  -1.29412 1
  -1.29412 1.05882
  -1.29412 1.11765
  -1.29412 1.17647
  -1.29412 1.23529
  -1.29412 1.29412
  -1.29412 1.35294
  -1.29412 1.41176
  -1.29412 1.47059
  -1.23529 0.705882
  -1.23529 0.764706
  -1.23529 0.823529
  -1.23529 0.882353
  -1.23529 0.941176
  -1.23529 1
  -1.23529 1.05882
  -1.23529 1.11765
  -1.23529 1.17647
  -1.23529 1.23529
  -1.23529 1.29412
  -1.23529 1.35294
  -1.23529 1.41176
  -1.17647 0.705882
  -1.17647 0.764706
  -1.17647 0.823529
  -1.17647 0.882353
  -1.17647 0.941176
  -1.17647 1
  -1.17647 1.05882
  -1.17647 1.11765
  -1.17647 1.17647
  -1.17647 1.23529
  -1.17647 1.29412
  -1.11765 0.823529
  -1.11765 0.882353
  -1.11765 0.941176
  -1.11765 1
  -1.11765 1.05882
  -1.11765 1.11765
  -0.5 -0.0294118
  -0.5 0.0294118
  -0.5 0.0882353
  -0.5 0.147059
  -0.5 0.205882
  -0.5 0.264706
  -0.441176 -0.205882
  -0.441176 -0.147059
  -0.441176 -0.089214
  -0.441176 -0.0882353
  -0.441176 -0.0294118
  -0.441176 0.0294118
  -0.441176 0.0882353
  -0.441176 0.147059
  -0.441176 0.205882
  -0.441176 0.264706
  -0.441176 0.323529
  -0.441176 0.382353
  -0.382353 -0.264706
  -0.382353 -0.205882
  -0.382353 -0.147059
  -0.382353 -0.0882353
  -0.382353 -0.0882353
  -0.382353 -0.0294118
  -0.382353 0.0294118
  -0.382353 0.0882353
  -0.382353 0.147059
  -0.382353 0.205882
  -0.382353 0.264706
  -0.382353 0.323529
  -0.382353 0.382353
  -0.382353 0.441176
  -0.323529 -0.382353
  -0.323529 -0.323529
  -0.323529 -0.264706
  -0.323529 -0.205882
  -0.323529 -0.147059
  -0.323529 -0.0882353
  -0.323529 -0.0882353
  -0.323529 -0.0294118
  -0.323529 0.0294118
  -0.323529 0.0882353
  -0.323529 0.147059
  -0.323529 0.205882
  -0.323529 0.264706
  -0.323529 0.323529
  -0.323529 0.382353
  -0.323529 0.441176
  -0.264706 -0.382353
  -0.264706 -0.323529
  -0.264706 -0.264706
  -0.264706 -0.205882
  -0.264706 -0.147059
  -0.264706 -0.0882353
  -0.264706 -0.0882353
  -0.264706 -0.0294118
  -0.264706 0.0294118
  -0.264706 0.0882353
  -0.264706 0.147059
  -0.264706 0.205882
  -0.264706 0.264706
  -0.264706 0.323529
  -0.264706 0.382353
  -0.264706 0.441176
  -0.205882 -0.441176
  -0.205882 -0.382353
  -0.205882 -0.323529
  -0.205882 -0.264706
  -0.205882 -0.205882
  -0.205882 -0.147059
  -0.205882 -0.0882353
  -0.205882 -0.0882353
  -0.205882 -0.0294118
  -0.205882 0.0294118
  -0.205882 0.0882353
  -0.205882 0.147059
  -0.205882 0.205882
  -0.205882 0.264706
  -0.205882 0.323529
  -0.205882 0.382353
  -0.205882 0.441176
  -0.205882 0.5
  -0.147059 -0.441176
  -0.147059 -0.382353
  -0.147059 -0.323529
  -0.147059 -0.264706
  -0.147059 -0.205882
  -0.147059 -0.147059
  -0.147059 -0.0882353
  -0.147059 -0.0882353
  -0.147059 -0.0294118
  -0.147059 0.0294118
  -0.147059 0.0882353
  -0.147059 0.147059
  -0.147059 0.205882
  -0.147059 0.264706
  -0.147059 0.323529
  -0.147059 0.382353
  -0.147059 0.441176
  -0.147059 0.5
  -0.0882353 -0.5
  -0.0882353 -0.441176
  -0.0882353 -0.382353
  -0.0882353 -0.323529
  -0.0882353 -0.264706
  -0.0882353 -0.205882
  -0.0882353 -0.147059
  -0.0882353 -0.0882353
  -0.0882353 -0.0858427
  -0.0882353 -0.0294118
  -0.0882353 0.0294118
  -0.0882353 0.0882353
  -0.0882353 0.147059
  -0.0882353 0.205882
  -0.0882353 0.264706
  -0.0882353 0.323529
  -0.0882353 0.382353
  -0.0882353 0.441176
  -0.0882353 0.5
  -0.0294118 -0.5
  -0.0294118 -0.441176
  -0.0294118 -0.382353
  -0.0294118 -0.323529
  -0.0294118 -0.264706
  -0.0294118 -0.205882
  -0.0294118 -0.147059
  -0.0294118 -0.0882353
  -0.0424106 -0.072195
  -0.0294118 -0.0294118
  -0.0294118 0.0294118
  -0.0294118 0.0882353
  -0.0294118 0.147059
  -0.0294118 0.205882
  -0.0294118 0.264706
  -0.0294118 0.323529
  -0.0294118 0.382353
  -0.0294118 0.441176
  -0.0294118 0.5
  0.0294118 -0.441176
  0.0294118 -0.382353
  0.0294118 -0.323529
  0.0294118 -0.264706
  0.0294118 -0.205882
  0.0294118 -0.147059
  0.0294118 -0.0882353
  3.48329e-16 -0.0588235
  0.00422847 -0.00422847
  0.0294118 0.0294118
  0.0294118 0.0882353
  0.0294118 0.147059
  0.0294118 0.205882
  0.0294118 0.264706
  0.0294118 0.323529
  0.0294118 0.382353
  0.0294118 0.441176
  0.0294118 0.5
  0.0658594 -0.441176
  0.0713128 -0.382353
  0.0766877 -0.323529
  0.0819729 -0.264706
  0.0871608 -0.205882
  0.0882353 -0.147059
  0.0882353 -0.0882353
  0.0588235 -0.0588235
  0.0588235 -8.55056e-16
  0.060701 0.056946
  0.0882353 0.0882353
  0.0882353 0.147059
  0.0882353 0.205882
  0.0882353 0.264706
  0.0882353 0.323529
  0.0882353 0.382353
  0.0882353 0.441176
  0.0882353 0.5
  0.0882353 -0.441176
  0.0882353 -0.382353
  0.0882353 -0.323529
  0.0882353 -0.264706
  0.0882353 -0.205882
  0.0882353 -0.147059
  0.0882353 -0.0882353
  0.0971965 -0.0708109
  0.0882353 -0.0294118
  0.0882353 0.0294118
  0.0882353 0.0882353
  0.101032 0.147059
  0.118357 0.205882
  0.122522 0.264706
  0.126625 0.323529
  0.13067 0.382353
  0.13466 0.441176
  0.138599 0.5
  0.147059 -0.441176
  0.147059 -0.382353
  0.147059 -0.323529
  0.147059 -0.264706
  0.147059 -0.205882
  0.147059 -0.147059
  0.147059 -0.0882353
  0.147059 -0.0657558
  0.147059 -0.0294118
  0.147059 0.0294118
  0.147059 0.0882353
  0.147059 0.147059
  0.147059 0.205882
  0.147059 0.264706
  0.147059 0.323529
  0.147059 0.382353
  0.147059 0.441176
  0.147059 0.5
  0.205882 -0.382353
  0.205882 -0.323529
  0.205882 -0.264706
  0.205882 -0.205882
  0.205882 -0.147059
  0.205882 -0.0882353
  0.205882 -0.0611954
  0.205882 -0.0294118
  0.205882 0.0294118
  0.205882 0.0882353
  0.205882 0.147059
  0.205882 0.205882
  0.205882 0.264706
  0.205882 0.323529
  0.205882 0.382353
  0.205882 0.441176
  0.205882 0.5
  0.264706 -0.382353
  0.264706 -0.323529
  0.264706 -0.264706
  0.264706 -0.205882
  0.264706 -0.147059
  0.264706 -0.0882353
  0.264706 -0.0294118
  0.264706 -0.0294118
  0.264706 0.0294118
  0.264706 0.0882353
  0.264706 0.147059
  0.264706 0.205882
  0.264706 0.264706
  0.264706 0.323529
  0.264706 0.382353
  0.264706 0.441176
  0.264706 0.5
  0.323529 -0.323529
  0.323529 -0.264706
  0.323529 -0.205882
  0.323529 -0.147059
  0.323529 -0.0882353
  0.323529 -0.0294118
  0.323529 -0.0294118
  0.323529 0.0294118
  0.323529 0.0882353
  0.323529 0.147059
  0.323529 0.205882
  0.323529 0.264706
  0.323529 0.323529
  0.323529 0.382353
  0.323529 0.441176
  0.382353 -0.205882
  0.382353 -0.147059
  0.382353 -0.0882353
  0.382353 -0.0294118
  0.382353 -0.0294118
  0.382353 0.0294118
  0.382353 0.0882353
  0.382353 0.147059
  0.382353 0.205882
  0.382353 0.264706
  0.382353 0.323529
  0.382353 0.382353
  0.382353 0.441176
  0.441176 -0.147059
  0.441176 -0.0882353
  0.441176 -0.0294118
  0.441176 -0.0294118
  0.441176 0.0294118
  0.441176 0.0882353
  0.441176 0.147059
  0.441176 0.205882
  0.441176 0.264706
  0.441176 0.323529
  0.441176 0.382353
  0.5 0.0294118
  0.5 0.0882353
  0.5 0.147059
  0.5 0.205882
  0.5 0.264706
  1.76471 1.70588
  1.76471 1.76471
  1.76471 1.82353
  1.76471 1.88235
  1.82353 1.64706
  1.82353 1.70588
  1.82353 1.76471
  1.82353 1.82353
  1.82353 1.88235
  1.82353 1.94118
  1.82353 2
  1.82353 2.05882
  1.88235 1.58824
  1.88235 1.64706
  1.88235 1.70588
  1.88235 1.76471
  1.88235 1.82353
  1.88235 1.88235
  1.88235 1.94118
  1.88235 2
  1.88235 2.05882
  1.88235 2.11765
  1.94118 1.58824
  1.94118 1.64706
  1.94118 1.70588
  1.94118 1.76471
  1.94118 1.82353
  1.94118 1.88235
  1.94118 1.94118
  1.94118 2
  1.94118 2.05882
  1.94118 2.11765
  1.94118 2.17647
  1.94118 2.23529
  2 1.58824
  2 1.64706
  2 1.70588
  2 1.76471
  2 1.82353
  2 1.88235
  2 1.94118
  2 2
  2 2.05882
  2 2.11765
  2 2.17647
  2 2.23529
  1.97059 2.26471
  2.05882 1.58824
  2.05882 1.64706
  2.05882 1.70588
  2.05882 1.76471
  2.05882 1.82353
  2.05882 1.88235
  2.05882 1.94118
  2.05882 2
  2.05882 2.05882
  2.05882 2.11765
  2.05882 2.17647
  2.02941 2.20588
  2.02941 2.26471
  2.11765 1.58824
  2.11765 1.64706
  2.11765 1.70588
  2.11765 1.76471
  2.11765 1.82353
  2.11765 1.88235
  2.11765 1.94118
  2.11765 2
  2.11765 2.05882
  2.11765 2.11765
  2.10788 2.16671
  2.08824 2.20588
  2.08824 2.26471
  2.08824 2.32353
  2.17647 1.64706
  2.17647 1.70588
  2.17647 1.76471
  2.17647 1.82353
  2.17647 1.88235
  2.17647 1.94118
  2.17647 2
  2.17647 2.05882
  2.17276 2.11394
  2.14706 2.14706
  2.14706 2.20588
  2.14706 2.26471
  2.14706 2.32353
  2.14706 2.38235
  2.23529 1.64706
  2.23529 1.70588
  2.23529 1.76471
  2.23529 1.82353
  2.23529 1.88235
  2.23529 1.94118
  2.23529 2
  2.23529 2.05882
  2.20588 2.08824
  2.20588 2.14706
  2.20588 2.20588
  2.20588 2.26471
  2.20588 2.32353
  2.20588 2.38235
  2.29412 1.64706
  2.29412 1.70588
  2.29412 1.76471
  2.29412 1.82353
  2.29412 1.88235
  2.29412 1.94118
  2.29412 2
  2.26471 2.02941
  2.26471 2.08824
  2.26471 2.14706
  2.26471 2.20588
  2.26471 2.26471
  2.26471 2.32353
  2.26471 2.38235
  2.35294 1.70588
  2.35294 1.76471
  2.35294 1.82353
  2.35294 1.88235
  2.35226 1.94049
  2.32353 1.97059
  2.32353 2.02941
  2.32353 2.08824
  2.32353 2.14706
  2.32353 2.20588
  2.32353 2.26471
  2.32353 2.32353
  2.32353 2.38235
  2.32353 2.44118
  2.41176 1.76471
  2.41176 1.82353
  2.40632 1.8769
  2.38235 1.91176
  2.38235 1.97059
  2.38235 2.02941
  2.38235 2.08824
  2.38235 2.14706
  2.38235 2.20588
  2.38235 2.26471
  2.38235 2.32353
  2.38235 2.38235
  2.38235 2.44118
  2.45712 1.81006
  2.44118 1.85294
  2.44118 1.91176
  2.44118 1.97059
  2.44118 2.02941
  2.44118 2.08824
  2.44118 2.14706
  2.44118 2.20588
  2.44118 2.26471
  2.44118 2.32353
  2.44118 2.38235
  2.5 1.85294
  2.5 1.91176
  2.5 1.97059
  2.5 2.02941
  2.5 2.08824
  2.5 2.14706
  2.5 2.20588
  2.5 2.26471
  2.5 2.32353
  2.5 2.38235
  2.55882 1.91176
  2.55882 1.97059
  2.55882 2.02941
  2.55882 2.08824
  2.55882 2.14706
  2.55882 2.20588
  2.55882 2.26471
  2.55882 2.32353
  2.61765 2.02941
  2.61765 2.08824
  2.61765 2.14706
  2.61765 2.20588
  2.61765 2.26471
probabilities:
  0.679356
  0.320644
  0
  0
  0
  0
  0
  0
  0
  0
  0
  0
  0
  0
  0
  0
  0
  0
  0
  0
  0
  0
  0
  0
  0
  0
  0
  0
  0
  0
  0
  0
  0
  0
  0
  0
  0
  0
  0
  0
  0
  0
  0
  0
  0
  0
  0
  0
  0
  0
  0
  0
  0
  0
  0
  0
  0
  0
  0
  0
  0
  0
  0
  0
  0
  0
  0
  0
  0
  0
  0
  0
  0
  0
  0
  0
  0
  0
  0
  0
  0
  0
  0
  0
  0
  0
  0
  0
  0
  0
  0
  0
  0
  0
  0
  0
  0
  0
  0
  0
  0
  0
  0
  0
  0
  0
  0
  0
  0
  0
  0
  0
  0
  0
  0
  0
  0
  0
  0
  0
  0
  0
  0
  0
  0
  0
  0
  0
  0
  0
  0
  0
  0
  0
  0
  0
  0
  0
  0
  0
  0
  0
  0
  0
  0
  0
  0
  0
  0
  0
  0
  0
  0
  0
  0
  0
  0
  0
  0
  0
  0
  0
  0
  0
  0
  0
  0
  0
  0
  0
  0
  0
  0
  0
  0
  0
  0
  0
  0
  0
  0
  0
  0
  0
  0
  0
  0
  0
  0
  0
  0
  0
  0
  0
  0
  0
  0
  0
  0
  0
  0
  0
  0
  0
  0
  0
  0
  0
  0
  0
  0
  0
  0
  0
  0
  0
  0
  0
  0
  0
  0
  0
  0
  0
  0
  0
  0
  0
  0
  0
  0
  0
  0
  0
  0
  0
  0
  0
  0
  0
  0
  0
  0
  0
  0
  0
  0
  0
  0
  0
  0
  0
  0
  0
  0
  0
  0
  0
  0
  0
  0
  0
  0
  0
  0
  0
  0
  0
  0
  0
  0
  0
  0
  0
  0
  0
  0
  0
  0
  0
  0
  0
  0
  0
  0
  0
  0
  0
  0
  0
  0
  0
  0
  0
  0
  0
  0
  0
  0
  0
  0
  0
  0
  0
  0
  0
  0
  0
  0
  0
  0
  0
  0
  0
  0
  0
  0
  0
  0
  0
  0
  0
  0
  0
  0
  0
  0
  0
  0
  0
  0
  0
  0
  0
  0
  0
  0
  0
  0
  0
  0
  0
  0
  0
  0
  0
  0
  0
  0
  0
  0
  0
  0
  0
  0
  0
  0
  0
  0
  0
  0
  0
  0
  0
  0
  0
  0
  0
  0
  0
  0
  0
  0
  0
  0
  0
  0
  0
  0
  0
  0
  0
  0
  0
  0
  0
  0
  0
  0
  0
  0
  0
  0
  0
  0
  0
  0
  0
  0
  0
  0
  0
  0
  0
  0
  0
  0
  0
  0
  0
  0
  0
  0
  0
  0
  0
  0
  0
  0
  0
  0
  0
  0
  0
  0
  0
  0
  0
  0
  0
  0
  0
  0
  0
  0
  0
  0
  0
  0
  0
  0
  0
  0
  0
  0
  0
  0
  0
  0
  0
  0
  0
  0
  0
  0
  0
  0
  0
  0
  0
  0
  0
  0
  0
  0
  0
  0
  0
  0
  0
  0
  0
  0
  0
  0
  0
  0
  0
  0
  0
  0
  0
  0
  0
  0
  0
  0
  0
  0
  0
  0
  0
  0
  0
  0
  0
  0
  0
  0
  0
  0
  0
  0
  0
  0
  0
  0
  0
  0
  0
  0
  0
  0
  0
  0
  0
  0
  0
  0
  0
  0
  0
  0
  0
  0
  0
  0
  0
  0
  0
  0
  0
  0
  0
  0
  0
  0
  0
  0
  0
  0
  0
  0
  0
  0
  0
  0
  0
  0
  0
  0
  0
  0
  0
  0
  0
  0
  0
  0
  0
  0
  0
  0
  0
  0
  0
  0
  0
  0
  0
  0
  0
  0
  0
  0
  0
  0
  0
  0
  0
  0
  0
  0
  0
  0
  0
  0
  0
  0
  0
  0
  0
  0
  0
  0
  0
  0
  0
  0
  0
  0
  0
  0
  0
  0
  0
  0
  0
  0
  0
  0
  0
  0
  0
  0
  0
  0
  0
  0
  0
  0
  0
  0
  0
  0
  0
  0
  0
  0
  0
  0
  0
  0
  0
  0
  0
  0
  0
  0
  0
  0
  0
  0
  0
  0
  0
  0
  0
  0
  0
  0
  0
  0
  0
  0
  0
  0
  0
  0
  0
  0
  0
  0
  0
  0
  0
  0
  0
  0
  0
  0
  0
  0
  0
  0
  0
  0
  0
  0
  0
  0
  0
  0
  0
  0
  0
  0
  0
  0
  0
  0
  0
  0
  0
  0
  0
  0
  0
  0
  0
  0
  0
  0
  0
  0
  0
  0
  0
  0
  0
  0
  0
  0
  0
  0
  0
  0
  0
  0
  0
  0
  0
  0
  0
  0
  0
  0
  0
  0
  0
  0
  0
  0
  0
  0
  0
  0
  0
  0
  0
  0
  0
  0
  0
  0
  0
  0
  0
  0
  0
  0
  0
  0
  0
  0
  0
  0
  0
  0
  0
  0
  0
  0
  0
  0
  0
  0
  0
  0
  0
  0
  0
  0
  0
  0
  0
  0
  0
  0
  0
  0
  0
  0
  0
  0
  0
  0
  0
  0
  0
  0
  0
  0
  0
  0
  0
  0
  0
  0
  0
  0
  0
  0
  0
  0
  0
  0
  0
  0
  0
  0
  0
  0
  0
  0
  0
  0
  0
  0
  0
  0
  0
  0
  0
  0
  0
  0
  0
  0
  0
  0
  0
  0
  0
  0
  0
  0
  0
  0
  0
  0
  0
  0
  0
  0
  0
  0
  0
  0
  0
  0
  0
  0
  0
  0
  0
  0
  0
  0
  0
  0
  0
  0
  0
  0
  0
  0
  0
  0
  0
  0
  0
  0
  0
  0
  0
  0
  0
  0
  0
  0
  0
  0
  0
  0
  0
  0
  0
  0
  0
  0
  0
  0
  0
  0
  0
  0
  0
  0
  0
  0
  0
  0
  0
  0
  0
  0
  0
  0
  0
  0
  0
  0
  0
  0
  0
  0
  0
  0
  0
  0
  0
  0
  0
  0
  0
  0
  0
  0
  0
  0
  0
  0
  0
  0
  0
  0
  0
  0
  0
  0
  0
  0
  0
  0
  0
  0
  0
  0
  0
  0
  0
  0
  0
  0
  0
  0
  0
  0
  0
  0
  0
  0
  0
  0
  0
  0
  0
  0
  0
  0
  0
  0
  0
  0
  0
  0
  0
  0
  0
  0
  0
  0
  0
  0
  0
  0
  0
  0
  0
  0
  0
  0
  0
  0
  0
  0
  0
  0
  0
  0
  0
  0
  0
  0
  0
  0
  0
  0
  0
  0
  0
  0
  0
  0
  0
  0
  0
  0
  0
  0
  0
  0
  0
  0
  0
  0
  0
  0
  0
  0
  0
  0
  0
  0
  0
  0
  0
  0
  0
  0
  0
  0
  0
  0
  0
  0
  0
  0
  0
  0
  0
  0
  0
  0
  0
  0
  0
  0
  0
  0
  0
  0
  0
  0
  0
  0
  0
  0
  0
  0
  0
  0
  0
  0
  0
  0
  0
  0
  0
  0
  0
  0
  0
  0
  0
  0
  0
  0
  0
  0
  0
  0
  0
  0
  0
  0
  0
  0
  0
  0
  0
  0
  0
  0
  0
  0
  0
  0
  0
  0
  0
  0
  0
  0
  0
  0
  0
  0
  0
  0
  0
  0
  0
  0
  0
  0
  0
  0
  0
  0
  0
  0
  0
  0
  0
  0
  0
  0
  0
  0
  0
  0
  0
  0
  0
  0
  0
  0
  0
  0
  0
  0
  0
  0
  0
  0
  0
  0
  0
  0
  0
  0
  0
  0
  0
  0
  0
  0
  0
  0
  0
  0
  0
  0
  0
  0
  0
  0
  0
  0
  0
  0
  0
  0
  0
  0
  0
  0
  0
  0
  0
  0
  0
  0
  0
  0
  0
  0
  0
  0
  0
  0
  0
  0
  0
  0
  0
  0
  0
  0
  0
  0
  0
  0
  0
  0
  0
  0
  0
  0
  0
  0
  0
  0
  0
  0
  0
  0
  0
  0
  0
  0
  0
  0
  0
  0
  0
  0
  0
  0
  0
  0
  0
  0
  0
  0
  0
  0
  0
  0
  0
  0
  0
  0
  0
  0
  0
  0
  0
  0
  0
  0
  0
  0
  0
  0
  0
  0
  0
  0
  0
  0
  0
  0
  0
  0
  0
  0
  0
  0
  0
  0
  0
  0
  0
  0
  0
  0
  0
  0
  0
  0
  0
  0
  0
  0
  0
  0
  0
  0
  0
  0
  0
  0
  0
  0
  0
  0
  0
  0
  0
  0
  0
  0
  0
  0
  0
  0
  0
  0
  0
  0
  0
  0
  0
  0
  0
  0
  0
  0
  0
Iteration: 2 with loss 848.841
support points:
  0.63977 0.617647
  -2.52941 1.41176
  -0.00674674 -0.0970145
  1.82353 1.64706
  -2.97192 1.17647
  -2.97192 1.23529
  -2.97192 1.29412
  -2.97192 1.35294
  -2.97192 1.41176
  -2.97192 1.47059
  -2.97059 1.5
  -2.97059 1.55882
  -2.97059 1.61765
  -2.97059 1.67647
  -2.97059 1.73529
  -2.97059 1.79412
  -2.94118 1.11765
  -2.94118 1.17647
  -2.91176 1.20588
  -2.91176 1.26471
  -2.91176 1.32353
  -2.91176 1.38235
  -2.91176 1.44118
  -2.91176 1.5
  -2.91176 1.55882
  -2.91176 1.61765
  -2.91176 1.67647
  -2.91176 1.73529
  -2.91176 1.79412
  -2.91176 1.85294
  -2.88235 1.05882
  -2.88235 1.11765
  -2.88235 1.17647
  -2.88235 1.23529
  -2.85294 1.26471
  -2.85294 1.32353
  -2.85294 1.38235
  -2.85294 1.44118
  -2.85294 1.5
  -2.85294 1.55882
  -2.85294 1.61765
  -2.85294 1.67647
  -2.85294 1.73529
  -2.85294 1.79412
  -2.85294 1.85294
  -2.82353 1.05882
  -2.82353 1.11765
  -2.82353 1.17647
  -2.82353 1.23529
  -2.82289 1.29348
  -2.79412 1.32353
  -2.79412 1.38235
  -2.79412 1.44118
  -2.79412 1.5
  -2.79412 1.55882
  -2.79412 1.61765
  -2.79412 1.67647
  -2.79412 1.73529
  -2.79412 1.79412
  -2.79412 1.85294
  -2.79412 1.91176
  -2.76471 1
  -2.76471 1.05882
  -2.76471 1.11765
  -2.76471 1.17647
  -2.76471 1.23529
  -2.76471 1.29412
  -2.75655 1.34478
  -2.73529 1.38235
  -2.73529 1.44118
  -2.73529 1.5
  -2.73529 1.55882
  -2.73529 1.61765
  -2.73529 1.67647
  -2.73529 1.73529
  -2.73529 1.79412
  -2.73529 1.85294
  -2.73529 1.91176
  -2.70588 1
  -2.70588 1.05882
  -2.70588 1.11765
  -2.70588 1.17647
  -2.70588 1.23529
  -2.70588 1.29412
  -2.70588 1.35294
  -2.67647 1.38235
  -2.67647 1.44118
  -2.67647 1.5
  -2.67647 1.55882
  -2.67647 1.61765
  -2.67647 1.67647
  -2.67647 1.73529
  -2.67647 1.79412
  -2.67647 1.85294
  -2.67647 1.91176
  -2.64706 1
  -2.64706 1.05882
  -2.64706 1.11765
  -2.64706 1.17647
  -2.64706 1.23529
  -2.64706 1.29412
  -2.64706 1.35294
  -2.64706 1.41176
  -2.61765 1.44118
  -2.61765 1.5
  -2.61765 1.55882
  -2.61765 1.61765
  -2.61765 1.67647
  -2.61765 1.73529
  -2.61765 1.79412
  -2.61765 1.85294
  -2.61765 1.91176
  -2.58824 0.941176
  -2.58824 1
  -2.58824 1.05882
  -2.58824 1.11765
  -2.58824 1.17647
  -2.58824 1.23529
  -2.58824 1.29412
  -2.58824 1.35294
  -2.58824 1.41176
  -2.58159 1.46394
  -2.55882 1.5
  -2.55882 1.55882
  -2.55882 1.61765
  -2.55882 1.67647
  -2.55882 1.73529
  -2.55882 1.79412
  -2.55882 1.85294
  -2.55882 1.91176
  -2.52941 0.941176
  -2.52941 1
  -2.52941 1.05882
  -2.52941 1.11765
  -2.52941 1.17647
  -2.52941 1.23529
  -2.52941 1.29412
  -2.52941 1.35294
  -2.52941 1.41176
  -2.52941 1.47059
  -2.5 1.5
  -2.5 1.55882
  -2.5 1.61765
  -2.5 1.67647
  -2.5 1.73529
  -2.5 1.79412
  -2.5 1.85294
  -2.5 1.91176
  -2.47059 0.941176
  -2.47059 1
  -2.47059 1.05882
  -2.47059 1.11765
  -2.47059 1.17647
  -2.47059 1.23529
  -2.47059 1.29412
  -2.47059 1.35294
  -2.47059 1.41176
  -2.47059 1.47059
  -2.47059 1.52941
  -2.44118 1.55882
  -2.44118 1.61765
  -2.44118 1.67647
  -2.44118 1.73529
  -2.44118 1.79412
  -2.44118 1.85294
  -2.41176 0.941176
  -2.41176 1
  -2.41176 1.05882
  -2.41176 1.11765
  -2.41176 1.17647
  -2.41176 1.23529
  -2.41176 1.29412
  -2.41176 1.35294
  -2.41176 1.41176
  -2.41176 1.47059
  -2.41176 1.52941
  -2.38235 1.55882
  -2.38235 1.61765
  -2.38235 1.67647
  -2.38235 1.73529
  -2.38235 1.79412
  -2.38235 1.85294
  -2.35294 0.941176
  -2.35294 1
  -2.35294 1.05882
  -2.35294 1.11765
  -2.35294 1.17647
  -2.35294 1.23529
  -2.35294 1.29412
  -2.35294 1.35294
  -2.35294 1.41176
  -2.35294 1.47059
  -2.35294 1.52941
  -2.35203 1.58733
  -2.32353 1.61765
  -2.32353 1.67647
  -2.32353 1.73529
  -2.32353 1.79412
  -2.32353 1.85294
  -2.29412 0.941176
  -2.29412 1
  -2.29412 1.05882
  -2.29412 1.11765
  -2.29412 1.17647
  -2.29412 1.23529
  -2.29412 1.29412
  -2.29412 1.35294
  -2.29412 1.41176
  -2.29412 1.47059
  -2.29412 1.52941
  -2.29412 1.58824
  -2.26471 1.61765
  -2.26471 1.67647
  -2.26471 1.73529
  -2.26471 1.79412
  -2.23529 0.941176
  -2.23529 1
  -2.23529 1.05882
  -2.23529 1.11765
  -2.23529 1.17647
  -2.23529 1.23529
  -2.23529 1.29412
  -2.23529 1.35294
  -2.23529 1.41176
  -2.23529 1.47059
  -2.23529 1.52941
  -2.23529 1.58824
  -2.22319 1.63495
  -2.20588 1.67647
  -2.20588 1.73529
  -2.20588 1.79412
  -2.17647 0.941176
  -2.17647 1
  -2.17647 1.05882
  -2.17647 1.11765
  -2.17647 1.17647
  -2.17647 1.23529
  -2.17647 1.29412
  -2.17647 1.35294
  -2.17647 1.41176
  -2.17647 1.47059
  -2.17647 1.52941
  -2.17647 1.58824
  -2.17647 1.64706
  -2.14706 1.67647
  -2.14706 1.73529
  -2.11765 1
  -2.11765 1.05882
  -2.11765 1.11765
  -2.11765 1.17647
  -2.11765 1.23529
  -2.11765 1.29412
  -2.11765 1.35294
  -2.11765 1.41176
  -2.11765 1.47059
  -2.11765 1.52941
  -2.11765 1.58824
  -2.11765 1.64706
  -2.08824 1.67647
  -2.05882 1
  -2.05882 1.05882
  -2.05882 1.11765
  -2.05882 1.17647
  -2.05882 1.23529
  -2.05882 1.29412
  -2.05882 1.35294
  -2.05882 1.41176
  -2.05882 1.47059
  -2.05882 1.52941
  -2.05882 1.58824
  -2.05882 1.64706
  -2 1.05882
  -2 1.11765
  -2 1.17647
  -2 1.23529
  -2 1.29412
  -2 1.35294
  -2 1.41176
  -2 1.47059
  -2 1.52941
  -2 1.58824
  -1.94118 1.11765
  -1.94118 1.17647
  -1.94118 1.23529
  -1.94118 1.29412
  -1.94118 1.35294
  -1.94118 1.41176
  -1.94118 1.47059
  -1.94118 1.52941
  -1.88235 1.17647
  -1.88235 1.23529
  -1.88235 1.29412
  -1.88235 1.35294
  -1.88235 1.41176
  0.352941 0.294118
  0.352941 0.352941
  0.352941 0.411765
  0.352941 0.470588
  0.352941 0.529412
  0.411765 0.294118
  0.411765 0.352941
  0.411765 0.411765
  0.411765 0.470588
  0.411765 0.529412
  0.411765 0.588235
  0.411765 0.647059
  0.470588 0.294118
  0.470588 0.352941
  0.470588 0.411765
  0.470588 0.470588
  0.470588 0.529412
  0.470588 0.588235
  0.470588 0.647059
  0.470588 0.705882
  0.529412 0.352941
  0.529412 0.411765
  0.529412 0.470588
  0.529412 0.529412
  0.529412 0.588235
  0.529412 0.647059
  0.529412 0.705882
  0.529412 0.764706
  0.529412 0.823529
  0.588235 0.352941
  0.588235 0.411765
  0.588235 0.470588
  0.588235 0.529412
  0.588235 0.588235
  0.588235 0.647059
  0.588235 0.705882
  0.588235 0.764706
  0.588235 0.823529
  0.588235 0.882353
  0.647059 0.411765
  0.647059 0.470588
  0.647059 0.529412
  0.647059 0.588235
  0.647059 0.647059
  0.647059 0.705882
  0.647059 0.764706
  0.647059 0.823529
  0.647059 0.882353
  0.647059 0.941176
  0.647059 1
  0.705882 0.411765
  0.705882 0.470588
  0.705882 0.529412
  0.705882 0.588235
  0.705882 0.647059
  0.705882 0.705882
  0.705882 0.764706
  0.705882 0.823529
  0.705882 0.882353
  0.705882 0.941176
  0.705882 1
  0.705882 1.05882
  0.764706 0.470588
  0.764706 0.529412
  0.764706 0.588235
  0.764706 0.647059
  0.764706 0.705882
  0.764706 0.764706
  0.764706 0.823529
  0.764706 0.882353
  0.764706 0.941176
  0.764706 1
  0.764706 1.05882
  0.764706 1.11765
  0.764706 1.17647
  0.823529 0.470588
  0.823529 0.529412
  0.823529 0.588235
  0.823529 0.647059
  0.823529 0.705882
  0.823529 0.764706
  0.823529 0.823529
  0.823529 0.882353
  0.823529 0.941176
  0.823529 1
  0.823529 1.05882
  0.823529 1.11765
  0.823529 1.17647
  0.823529 1.23529
  0.882353 0.529412
  0.882353 0.588235
  0.882353 0.647059
  0.882353 0.705882
  0.882353 0.764706
  0.882353 0.823529
  0.882353 0.882353
  0.882353 0.941176
  0.882353 1
  0.882353 1.05882
  0.882353 1.11765
  0.882353 1.17647
  0.882353 1.23529
  0.882353 1.29412
  0.941176 0.529412
  0.941176 0.588235
  0.941176 0.647059
  0.941176 0.705882
  0.941176 0.764706
  0.941176 0.823529
  0.941176 0.882353
  0.941176 0.941176
  0.941176 1
  0.941176 1.05882
  0.941176 1.11765
  0.941176 1.17647
  0.941176 1.23529
  0.941176 1.29412
  0.941176 1.35294
  1 0.588235
  1 0.647059
  1 0.705882
  1 0.764706
  1 0.823529
  1 0.882353
  1 0.941176
  1 1
  1 1.05882
  1 1.11765
  1 1.17647
  1 1.23529
  1 1.29412
  1 1.35294
  1 1.41176
  1 1.47059
  1.05882 0.588235
  1.05882 0.647059
  1.05882 0.705882
  1.05882 0.764706
  1.05882 0.823529
  1.05882 0.882353
  1.05882 0.941176
  1.05882 1
  1.05882 1.05882
  1.05882 1.11765
  1.05882 1.17647
  1.05882 1.23529
  1.05882 1.29412
  1.05882 1.35294
  1.05882 1.41176
  1.05882 1.47059
  1.05882 1.52941
  1.11765 0.647059
  1.11765 0.705882
  1.11765 0.764706
  1.11765 0.823529
  1.11765 0.882353
  1.11765 0.941176
  1.11765 1
  1.11765 1.05882
  1.11765 1.11765
  1.11765 1.17647
  1.11765 1.23529
  1.11765 1.29412
  1.11765 1.35294
  1.11765 1.41176
  1.11765 1.47059
  1.11765 1.52941
  1.11765 1.58824
  1.17647 0.647059
  1.17647 0.705882
  1.17647 0.764706
  1.17647 0.823529
  1.17647 0.882353
  1.17647 0.941176
  1.17647 1
  1.17647 1.05882
  1.17647 1.11765
  1.17647 1.17647
  1.17647 1.23529
  1.17647 1.29412
  1.17647 1.35294
  1.17647 1.41176
  1.17647 1.47059
  1.17647 1.52941
  1.17647 1.58824
  1.17647 1.64706
  1.23529 0.705882
  1.23529 0.764706
  1.23529 0.823529
  1.23529 0.882353
  1.23529 0.941176
  1.23529 1
  1.23529 1.05882
  1.23529 1.11765
  1.23529 1.17647
  1.23529 1.23529
  1.23529 1.29412
  1.23529 1.35294
  1.23529 1.41176
  1.23529 1.47059
  1.23529 1.52941
  1.23529 1.58824
  1.23529 1.64706
  1.23529 1.70588
  1.29412 0.705882
  1.29412 0.764706
  1.29412 0.823529
  1.29412 0.882353
  1.29412 0.941176
  1.29412 1
  1.29412 1.05882
  1.29412 1.11765
  1.29412 1.17647
  1.29412 1.23529
  1.29412 1.29412
  1.29412 1.35294
  1.29412 1.41176
  1.29412 1.47059
  1.29412 1.52941
  1.29412 1.58824
  1.29412 1.64706
  1.29412 1.70588
  1.29412 1.76471
  1.35294 0.764706
  1.35294 0.823529
  1.35294 0.882353
  1.35294 0.941176
  1.35294 1
  1.35294 1.05882
  1.35294 1.11765
  1.35294 1.17647
  1.35294 1.23529
  1.35294 1.29412
  1.35294 1.35294
  1.35294 1.41176
  1.35294 1.47059
  1.35294 1.52941
  1.35294 1.58824
  1.35294 1.64706
  1.35294 1.70588
  1.35294 1.76471
  1.35044 1.82103
  1.41176 0.823529
  1.41176 0.882353
  1.41176 0.941176
  1.41176 1
  1.41176 1.05882
  1.41176 1.11765
  1.41176 1.17647
  1.41176 1.23529
  1.41176 1.29412
  1.41176 1.35294
  1.41176 1.41176
  1.41176 1.47059
  1.41176 1.52941
  1.41176 1.58824
  1.41176 1.64706
  1.41176 1.70588
  1.41176 1.76471
  1.41176 1.82353
  1.38235 1.85294
  1.47059 0.823529
  1.47059 0.882353
  1.47059 0.941176
  1.47059 1
  1.47059 1.05882
  1.47059 1.11765
  1.47059 1.17647
  1.47059 1.23529
  1.47059 1.29412
  1.47059 1.35294
  1.47059 1.41176
  1.47059 1.47059
  1.47059 1.52941
  1.47059 1.58824
  1.47059 1.64706
  1.47059 1.70588
  1.47059 1.76471
  1.47059 1.82353
  1.44118 1.85294
  1.44118 1.91176
  1.52941 0.882353
  1.52941 0.941176
  1.52941 1
  1.52941 1.05882
  1.52941 1.11765
  1.52941 1.17647
  1.52941 1.23529
  1.52941 1.29412
  1.52941 1.35294
  1.52941 1.41176
  1.52941 1.47059
  1.52941 1.52941
  1.52941 1.58824
  1.52941 1.64706
  1.52941 1.70588
  1.52941 1.76471
  1.52941 1.82353
  1.5 1.85294
  1.5 1.91176
  1.5 1.97059
  1.58824 0.882353
  1.58824 0.941176
  1.58824 1
  1.58824 1.05882
  1.58824 1.11765
  1.58824 1.17647
  1.58824 1.23529
  1.58824 1.29412
  1.58824 1.35294
  1.58824 1.41176
  1.58824 1.47059
  1.58824 1.52941
  1.58824 1.58824
  1.58824 1.64706
  1.58824 1.70588
  1.58824 1.76471
  1.57977 1.81507
  1.55882 1.85294
  1.55882 1.91176
  1.55882 1.97059
  1.55882 2.02941
  1.64706 0.941176
  1.64706 1
  1.64706 1.05882
  1.64706 1.11765
  1.64706 1.17647
  1.64706 1.23529
  1.64706 1.29412
  1.64706 1.35294
  1.64706 1.41176
  1.64706 1.47059
  1.64706 1.52941
  1.64706 1.58824
  1.64706 1.64706
  1.64706 1.70588
  1.64706 1.76471
  1.61765 1.79412
  1.61765 1.85294
  1.61765 1.91176
  1.61765 1.97059
  1.61765 2.02941
  1.70588 1
  1.70588 1.05882
  1.70588 1.11765
  1.70588 1.17647
  1.70588 1.23529
  1.70588 1.29412
  1.70588 1.35294
  1.70588 1.41176
  1.70588 1.47059
  1.70588 1.52941
  1.70588 1.58824
  1.70588 1.64706
  1.70588 1.70588
  1.70588 1.76471
  1.67647 1.79412
  1.67647 1.85294
  1.67647 1.91176
  1.67647 1.97059
  1.67647 2.02941
  1.67647 2.08824
  1.76471 1.05882
  1.76471 1.11765
  1.76471 1.17647
  1.76471 1.23529
  1.76471 1.29412
  1.76471 1.35294
  1.76471 1.41176
  1.76471 1.47059
  1.76471 1.52941
  1.76471 1.58824
  1.76471 1.64706
  1.76471 1.70588
  1.73529 1.73529
  1.73529 1.79412
  1.73529 1.85294
  1.73529 1.91176
  1.73529 1.97059
  1.73529 2.02941
  1.73529 2.08824
  1.73529 2.14706
  1.82353 1.05882
  1.82353 1.11765
  1.82353 1.17647
  1.82353 1.23529
  1.82353 1.29412
  1.82353 1.35294
  1.82353 1.41176
  1.82353 1.47059
  1.82353 1.52941
  1.82353 1.58824
  1.82353 1.64706
  1.8162 1.69855
  1.79412 1.73529
  1.79412 1.79412
  1.79412 1.85294
  1.79412 1.91176
  1.79412 1.97059
  1.79412 2.02941
  1.79412 2.08824
  1.79412 2.14706
  1.88235 1.11765
  1.88235 1.17647
  1.88235 1.23529
  1.88235 1.29412
  1.88235 1.35294
  1.88235 1.41176
  1.88235 1.47059
  1.88235 1.52941
  1.88235 1.58824
  1.87717 1.64188
  1.85294 1.67647
  1.85294 1.73529
  1.85294 1.79412
  1.85294 1.85294
  1.85294 1.91176
  1.85294 1.97059
  1.85294 2.02941
  1.85294 2.08824
  1.85294 2.14706
  1.94118 1.17647
  1.94118 1.23529
  1.94118 1.29412
  1.94118 1.35294
  1.94118 1.41176
  1.94118 1.47059
  1.94118 1.52941
  1.93456 1.58161
  1.91176 1.61765
  1.91176 1.67647
  1.91176 1.73529
  1.91176 1.79412
  1.91176 1.85294
  1.91176 1.91176
  1.91176 1.97059
  1.91176 2.02941
  1.91176 2.08824
  1.91176 2.14706
  1.91176 2.20588
  2 1.23529
  2 1.29412
  2 1.35294
  2 1.41176
  2 1.47059
  1.97059 1.5
  1.97059 1.55882
  1.97059 1.61765
  1.97059 1.67647
  1.97059 1.73529
  1.97059 1.79412
  1.97059 1.85294
  1.97059 1.91176
  1.97059 1.97059
  1.97059 2.02941
  1.97059 2.08824
  1.97059 2.14706
  1.97059 2.20588
  2.05882 1.29412
  2.05335 1.34747
  2.02941 1.38235
  2.02941 1.44118
  2.02941 1.5
  2.02941 1.55882
  2.02941 1.61765
  2.02941 1.67647
  2.02941 1.73529
  2.02941 1.79412
  2.02941 1.85294
  2.02941 1.91176
  2.02941 1.97059
  2.02941 2.02941
  2.02941 2.08824
  2.02941 2.14706
  2.02941 2.20588
  2.08824 1.32353
  2.08824 1.38235
  2.08824 1.44118
  2.08824 1.5
  2.08824 1.55882
  2.08824 1.61765
  2.08824 1.67647
  2.08824 1.73529
  2.08824 1.79412
  2.08824 1.85294
  2.08824 1.91176
  2.08824 1.97059
  2.08824 2.02941
  2.08824 2.08824
  2.08824 2.14706
  2.08824 2.20588
  2.14706 1.38235
  2.14706 1.44118
  2.14706 1.5
  2.14706 1.55882
  2.14706 1.61765
  2.14706 1.67647
  2.14706 1.73529
  2.14706 1.79412
  2.14706 1.85294
  2.14706 1.91176
  2.14706 1.97059
  2.14706 2.02941
  2.14706 2.08824
  2.14706 2.14706
  2.14706 2.20588
  2.20588 1.44118
  2.20588 1.5
  2.20588 1.55882
  2.20588 1.61765
  2.20588 1.67647
  2.20588 1.73529
  2.20588 1.79412
  2.20588 1.85294
  2.20588 1.91176
  2.20588 1.97059
  2.20588 2.02941
  2.20588 2.08824
  2.20588 2.14706
  2.20588 2.20588
  2.26471 1.5
  2.26471 1.55882
  2.26471 1.61765
  2.26471 1.67647
  2.26471 1.73529
  2.26471 1.79412
  2.26471 1.85294
  2.26471 1.91176
  2.26471 1.97059
  2.26471 2.02941
  2.26471 2.08824
  2.26471 2.14706
  2.32353 1.61765
  2.32353 1.67647
  2.32353 1.73529
  2.32353 1.79412
  2.32353 1.85294
  2.32353 1.91176
  2.32353 1.97059
  2.32353 2.02941
  2.32353 2.08824
  2.32353 2.14706
  2.38235 1.73529
  2.38235 1.79412
  2.38235 1.85294
  2.38235 1.91176
  2.38235 1.97059
  2.38235 2.02941
probabilities:
  0.0873037
  0.000978442
  0.896694
  0.0150243
  0
  0
  0
  0
  0
  0
  0
  0
  0
  0
  0
  0
  0
  0
  0
  0
  0
  0
  0
  0
  0
  0
  0
  0
  0
  0
  0
  0
  0
  0
  0
  0
  0
  0
  0
  0
  0
  0
  0
  0
  0
  0
  0
  0
  0
  0
  0
  0
  0
  0
  0
  0
  0
  0
  0
  0
  0
  0
  0
  0
  0
  0
  0
  0
  0
  0
  0
  0
  0
  0
  0
  0
  0
  0
  0
  0
  0
  0
  0
  0
  0
  0
  0
  0
  0
  0
  0
  0
  0
  0
  0
  0
  0
  0
  0
  0
  0
  0
  0
  0
  0
  0
  0
  0
  0
  0
  0
  0
  0
  0
  0
  0
  0
  0
  0
  0
  0
  0
  0
  0
  0
  0
  0
  0
  0
  0
  0
  0
  0
  0
  0
  0
  0
  0
  0
  0
  0
  0
  0
  0
  0
  0
  0
  0
  0
  0
  0
  0
  0
  0
  0
  0
  0
  0
  0
  0
  0
  0
  0
  0
  0
  0
  0
  0
  0
  0
  0
  0
  0
  0
  0
  0
  0
  0
  0
  0
  0
  0
  0
  0
  0
  0
  0
  0
  0
  0
  0
  0
  0
  0
  0
  0
  0
  0
  0
  0
  0
  0
  0
  0
  0
  0
  0
  0
  0
  0
  0
  0
  0
  0
  0
  0
  0
  0
  0
  0
  0
  0
  0
  0
  0
  0
  0
  0
  0
  0
  0
  0
  0
  0
  0
  0
  0
  0
  0
  0
  0
  0
  0
  0
  0
  0
  0
  0
  0
  0
  0
  0
  0
  0
  0
  0
  0
  0
  0
  0
  0
  0
  0
  0
  0
  0
  0
  0
  0
  0
  0
  0
  0
  0
  0
  0
  0
  0
  0
  0
  0
  0
  0
  0
  0
  0
  0
  0
  0
  0
  0
  0
  0
  0
  0
  0
  0
  0
  0
  0
  0
  0
  0
  0
  0
  0
  0
  0
  0
  0
  0
  0
  0
  0
  0
  0
  0
  0
  0
  0
  0
  0
  0
  0
  0
  0
  0
  0
  0
  0
  0
  0
  0
  0
  0
  0
  0
  0
  0
  0
  0
  0
  0
  0
  0
  0
  0
  0
  0
  0
  0
  0
  0
  0
  0
  0
  0
  0
  0
  0
  0
  0
  0
  0
  0
  0
  0
  0
  0
  0
  0
  0
  0
  0
  0
  0
  0
  0
  0
  0
  0
  0
  0
  0
  0
  0
  0
  0
  0
  0
  0
  0
  0
  0
  0
  0
  0
  0
  0
  0
  0
  0
  0
  0
  0
  0
  0
  0
  0
  0
  0
  0
  0
  0
  0
  0
  0
  0
  0
  0
  0
  0
  0
  0
  0
  0
  0
  0
  0
  0
  0
  0
  0
  0
  0
  0
  0
  0
  0
  0
  0
  0
  0
  0
  0
  0
  0
  0
  0
  0
  0
  0
  0
  0
  0
  0
  0
  0
  0
  0
  0
  0
  0
  0
  0
  0
  0
  0
  0
  0
  0
  0
  0
  0
  0
  0
  0
  0
  0
  0
  0
  0
  0
  0
  0
  0
  0
  0
  0
  0
  0
  0
  0
  0
  0
  0
  0
  0
  0
  0
  0
  0
  0
  0
  0
  0
  0
  0
  0
  0
  0
  0
  0
  0
  0
  0
  0
  0
  0
  0
  0
  0
  0
  0
  0
  0
  0
  0
  0
  0
  0
  0
  0
  0
  0
  0
  0
  0
  0
  0
  0
  0
  0
  0
  0
  0
  0
  0
  0
  0
  0
  0
  0
  0
  0
  0
  0
  0
  0
  0
  0
  0
  0
  0
  0
  0
  0
  0
  0
  0
  0
  0
  0
  0
  0
  0
  0
  0
  0
  0
  0
  0
  0
  0
  0
  0
  0
  0
  0
  0
  0
  0
  0
  0
  0
  0
  0
  0
  0
  0
  0
  0
  0
  0
  0
  0
  0
  0
  0
  0
  0
  0
  0
  0
  0
  0
  0
  0
  0
  0
  0
  0
  0
  0
  0
  0
  0
  0
  0
  0
  0
  0
  0
  0
  0
  0
  0
  0
  0
  0
  0
  0
  0
  0
  0
  0
  0
  0
  0
  0
  0
  0
  0
  0
  0
  0
  0
  0
  0
  0
  0
  0
  0
  0
  0
  0
  0
  0
  0
  0
  0
  0
  0
  0
  0
  0
  0
  0
  0
  0
  0
  0
  0
  0
  0
  0
  0
  0
  0
  0
  0
  0
  0
  0
  0
  0
  0
  0
  0
  0
  0
  0
  0
  0
  0
  0
  0
  0
  0
  0
  0
  0
  0
  0
  0
  0
  0
  0
  0
  0
  0
  0
  0
  0
  0
  0
  0
  0
  0
  0
  0
  0
  0
  0
  0
  0
  0
  0
  0
  0
  0
  0
  0
  0
  0
  0
  0
  0
  0
  0
  0
  0
  0
  0
  0
  0
  0
  0
  0
  0
  0
  0
  0
  0
  0
  0
  0
  0
  0
  0
  0
  0
  0
  0
  0
  0
  0
  0
  0
  0
  0
  0
  0
  0
  0
  0
  0
  0
  0
  0
  0
  0
  0
  0
  0
  0
  0
  0
  0
  0
  0
  0
  0
  0
  0
  0
  0
  0
  0
  0
  0
  0
  0
  0
  0
  0
  0
  0
  0
  0
  0
  0
  0
  0
  0
  0
  0
  0
  0
  0
  0
  0
  0
  0
  0
  0
  0
  0
  0
  0
  0
  0
Iteration: 3 with loss 848.748
support points:
  -0.00674674 -0.0970145
  -2.52941 1.41176
  0.470588 0.451146
  1.46431 1.34667
  -2.67647 1.38235
  -2.67647 1.44118
  -2.67647 1.5
  -2.64706 1.35294
  -2.61765 1.38235
  -2.61765 1.44118
  -2.61765 1.5
  -2.61765 1.55882
  -2.58824 1.29412
  -2.58824 1.35294
  -2.57647 1.4
  -2.55882 1.44118
  -2.55882 1.5
  -2.55882 1.55882
  -2.52941 1.29412
  -2.52941 1.35294
  -2.52941 1.41176
  -2.5 1.44118
  -2.5 1.5
  -2.5 1.55882
  -2.47059 1.29412
  -2.47059 1.35294
  -2.47059 1.41176
  -2.46166 1.46166
  -2.44118 1.5
  -2.44118 1.55882
  -2.41176 1.29412
  -2.41176 1.35294
  -2.41176 1.41176
  -2.41176 1.47059
  -2.38235 1.5
  -2.35294 1.29412
  -2.35294 1.35294
  -2.35294 1.41176
  -2.35294 1.47059
  0.352941 0.294118
  0.352941 0.352941
  0.411765 0.352941
  0.411765 0.411765
  0.470588 0.411765
  0.470588 0.470588
  0.529412 0.470588
  0.529412 0.529412
  0.529412 0.588235
  0.588235 0.470588
  0.588235 0.529412
  0.588235 0.588235
  0.588235 0.647059
  0.647059 0.529412
  0.647059 0.588235
  0.647059 0.647059
  0.617647 0.676471
  0.705882 0.588235
  0.705882 0.647059
  0.705882 0.705882
  0.676471 0.735294
  0.764706 0.647059
  0.764706 0.705882
  0.764706 0.764706
  0.735294 0.794118
  0.823529 0.705882
  0.823529 0.764706
  0.823529 0.823529
  0.882353 0.764706
  0.882353 0.823529
  0.882353 0.882353
  0.941176 0.764706
  0.941176 0.823529
  0.941176 0.882353
  0.941176 0.941176
  1 0.823529
  1 0.882353
  1 0.941176
  1 1
  1 1.05882
  1.05882 0.882353
  1.05882 0.941176
  1.05882 1
  1.05882 1.05882
  1.05882 1.11765
  1.11765 0.941176
  1.11765 1
  1.11765 1.05882
  1.11765 1.11765
  1.11765 1.17647
  1.17647 1
  1.17647 1.05882
  1.17647 1.11765
  1.17647 1.17647
  1.17647 1.23529
  1.23529 1
  1.23529 1.05882
  1.23529 1.11765
  1.23529 1.17647
  1.23529 1.23529
  1.23529 1.29412
  1.29412 1.05882
  1.29412 1.11765
  1.29412 1.17647
  1.29412 1.23529
  1.29412 1.29412
  1.29412 1.35294
  1.35294 1.11765
  1.35294 1.17647
  1.35294 1.23529
  1.35294 1.29412
  1.35294 1.35294
  1.35294 1.41176
  1.41176 1.11765
  1.41176 1.17647
  1.41176 1.23529
  1.41176 1.29412
  1.41176 1.35294
  1.41176 1.41176
  1.38235 1.44118
  1.47059 1.17647
  1.47059 1.23529
  1.47059 1.29412
  1.47059 1.35294
  1.47059 1.41176
  1.44118 1.44118
  1.44118 1.5
  1.52941 1.23529
  1.52941 1.29412
  1.52941 1.35294
  1.52941 1.41176
  1.5 1.44118
  1.5 1.5
  1.5 1.55882
  1.58824 1.29412
  1.58824 1.35294
  1.58824 1.41176
  1.55882 1.44118
  1.55882 1.5
  1.55882 1.55882
  1.64703 1.35292
  1.61765 1.38235
  1.61765 1.44118
  1.61765 1.5
  1.61765 1.55882
  1.61765 1.61765
  1.67647 1.38235
  1.67647 1.44118
  1.67647 1.5
  1.67647 1.55882
  1.67647 1.61765
  1.73529 1.44118
  1.73529 1.5
  1.73529 1.55882
  1.73529 1.61765
  1.73529 1.67647
  1.79412 1.5
  1.79412 1.55882
  1.79412 1.61765
  1.79412 1.67647
probabilities:
  0.892489
  0.00146231
  0.0688954
  0.0371537
  0
  0
  0
  0
  0
  0
  0
  0
  0
  0
  0
  0
  0
  0
  0
  0
  0
  0
  0
  0
  0
  0
  0
  0
  0
  0
  0
  0
  0
  0
  0
  0
  0
  0
  0
  0
  0
  0
  0
  0
  0
  0
  0
  0
  0
  0
  0
  0
  0
  0
  0
  0
  0
  0
  0
  0
  0
  0
  0
  0
  0
  0
  0
  0
  0
  0
  0
  0
  0
  0
  0
  0
  0
  0
  0
  0
  0
  0
  0
  0
  0
  0
  0
  0
  0
  0
  0
  0
  0
  0
  0
  0
  0
  0
  0
  0
  0
  0
  0
  0
  0
  0
  0
  0
  0
  0
  0
  0
  0
  0
  0
  0
  0
  0
  0
  0
  0
  0
  0
  0
  0
  0
  0
  0
  0
  0
  0
  0
  0
  0
  0
  0
  0
  0
  0
  0
  0
  0
  0
  0
  0
  0
  0
  0
  0
  0
  0
  0
  0
  0
  0
  0
  0
  0
  0
Iteration: 4 with loss 848.748
support points:
  -0.00674674 -0.0970145
  0.470588 0.451146
  1.46431 1.34667
  -2.52941 1.41176
  1.41176 1.29412
  -2.52941 1.41176
  0.0163538 -0.0707429
  1.41176 1.29412
  1.44118 1.32353
probabilities:
  0.892523
  0.0680514
  0.0375628
  0.0015255
  0.000336786
  0
  0
  0
  0
Iteration: 5 with loss 848.747
support points:
  0.470588 0.451146
  -2.52941 1.41176
  -0.00350867 -0.0933319
  1.44118 1.32353
  1.41176 1.29412
  1.44118 1.32353
  1.5 1.38235
probabilities:
  0.057638
  0.00152601
  0.900711
  0.0401247
  0
  0
  0
PY FINAL k=5 ll=848.747282034907 iter=6 conv=0 ming=-5.75677e-06
